Archive member included to satisfy reference by file (symbol)

d:/da/soft/stm32cubeide_1.4.0/stm32cubeide/plugins/com.st.stm32cube.ide.mcu.externaltools.gnu-tools-for-stm32.7-2018-q2-update.win32_1.4.0.202007081208/tools/bin/../lib/gcc/arm-none-eabi/7.3.1/../../../../arm-none-eabi/lib/thumb/v7e-m/fpv4-sp/hard\libc_nano.a(lib_a-errno.o)
                              Core/Src/syscalls.o (__errno)
d:/da/soft/stm32cubeide_1.4.0/stm32cubeide/plugins/com.st.stm32cube.ide.mcu.externaltools.gnu-tools-for-stm32.7-2018-q2-update.win32_1.4.0.202007081208/tools/bin/../lib/gcc/arm-none-eabi/7.3.1/../../../../arm-none-eabi/lib/thumb/v7e-m/fpv4-sp/hard\libc_nano.a(lib_a-exit.o)
                              d:/da/soft/stm32cubeide_1.4.0/stm32cubeide/plugins/com.st.stm32cube.ide.mcu.externaltools.gnu-tools-for-stm32.7-2018-q2-update.win32_1.4.0.202007081208/tools/bin/../lib/gcc/arm-none-eabi/7.3.1/../../../../arm-none-eabi/lib/thumb/v7e-m/fpv4-sp/hard/crt0.o (exit)
d:/da/soft/stm32cubeide_1.4.0/stm32cubeide/plugins/com.st.stm32cube.ide.mcu.externaltools.gnu-tools-for-stm32.7-2018-q2-update.win32_1.4.0.202007081208/tools/bin/../lib/gcc/arm-none-eabi/7.3.1/../../../../arm-none-eabi/lib/thumb/v7e-m/fpv4-sp/hard\libc_nano.a(lib_a-impure.o)
                              d:/da/soft/stm32cubeide_1.4.0/stm32cubeide/plugins/com.st.stm32cube.ide.mcu.externaltools.gnu-tools-for-stm32.7-2018-q2-update.win32_1.4.0.202007081208/tools/bin/../lib/gcc/arm-none-eabi/7.3.1/../../../../arm-none-eabi/lib/thumb/v7e-m/fpv4-sp/hard\libc_nano.a(lib_a-exit.o) (_global_impure_ptr)
d:/da/soft/stm32cubeide_1.4.0/stm32cubeide/plugins/com.st.stm32cube.ide.mcu.externaltools.gnu-tools-for-stm32.7-2018-q2-update.win32_1.4.0.202007081208/tools/bin/../lib/gcc/arm-none-eabi/7.3.1/../../../../arm-none-eabi/lib/thumb/v7e-m/fpv4-sp/hard\libc_nano.a(lib_a-init.o)
                              d:/da/soft/stm32cubeide_1.4.0/stm32cubeide/plugins/com.st.stm32cube.ide.mcu.externaltools.gnu-tools-for-stm32.7-2018-q2-update.win32_1.4.0.202007081208/tools/bin/../lib/gcc/arm-none-eabi/7.3.1/../../../../arm-none-eabi/lib/thumb/v7e-m/fpv4-sp/hard/crt0.o (__libc_init_array)
d:/da/soft/stm32cubeide_1.4.0/stm32cubeide/plugins/com.st.stm32cube.ide.mcu.externaltools.gnu-tools-for-stm32.7-2018-q2-update.win32_1.4.0.202007081208/tools/bin/../lib/gcc/arm-none-eabi/7.3.1/../../../../arm-none-eabi/lib/thumb/v7e-m/fpv4-sp/hard\libc_nano.a(lib_a-malloc.o)
                              Middlewares/ST/STM32_USB_Device_Library/Class/CDC/Src/usbd_cdc.o (malloc)
d:/da/soft/stm32cubeide_1.4.0/stm32cubeide/plugins/com.st.stm32cube.ide.mcu.externaltools.gnu-tools-for-stm32.7-2018-q2-update.win32_1.4.0.202007081208/tools/bin/../lib/gcc/arm-none-eabi/7.3.1/../../../../arm-none-eabi/lib/thumb/v7e-m/fpv4-sp/hard\libc_nano.a(lib_a-memset.o)
                              d:/da/soft/stm32cubeide_1.4.0/stm32cubeide/plugins/com.st.stm32cube.ide.mcu.externaltools.gnu-tools-for-stm32.7-2018-q2-update.win32_1.4.0.202007081208/tools/bin/../lib/gcc/arm-none-eabi/7.3.1/../../../../arm-none-eabi/lib/thumb/v7e-m/fpv4-sp/hard/crt0.o (memset)
d:/da/soft/stm32cubeide_1.4.0/stm32cubeide/plugins/com.st.stm32cube.ide.mcu.externaltools.gnu-tools-for-stm32.7-2018-q2-update.win32_1.4.0.202007081208/tools/bin/../lib/gcc/arm-none-eabi/7.3.1/../../../../arm-none-eabi/lib/thumb/v7e-m/fpv4-sp/hard\libc_nano.a(lib_a-nano-freer.o)
                              d:/da/soft/stm32cubeide_1.4.0/stm32cubeide/plugins/com.st.stm32cube.ide.mcu.externaltools.gnu-tools-for-stm32.7-2018-q2-update.win32_1.4.0.202007081208/tools/bin/../lib/gcc/arm-none-eabi/7.3.1/../../../../arm-none-eabi/lib/thumb/v7e-m/fpv4-sp/hard\libc_nano.a(lib_a-malloc.o) (_free_r)
d:/da/soft/stm32cubeide_1.4.0/stm32cubeide/plugins/com.st.stm32cube.ide.mcu.externaltools.gnu-tools-for-stm32.7-2018-q2-update.win32_1.4.0.202007081208/tools/bin/../lib/gcc/arm-none-eabi/7.3.1/../../../../arm-none-eabi/lib/thumb/v7e-m/fpv4-sp/hard\libc_nano.a(lib_a-nano-mallocr.o)
                              d:/da/soft/stm32cubeide_1.4.0/stm32cubeide/plugins/com.st.stm32cube.ide.mcu.externaltools.gnu-tools-for-stm32.7-2018-q2-update.win32_1.4.0.202007081208/tools/bin/../lib/gcc/arm-none-eabi/7.3.1/../../../../arm-none-eabi/lib/thumb/v7e-m/fpv4-sp/hard\libc_nano.a(lib_a-malloc.o) (_malloc_r)
d:/da/soft/stm32cubeide_1.4.0/stm32cubeide/plugins/com.st.stm32cube.ide.mcu.externaltools.gnu-tools-for-stm32.7-2018-q2-update.win32_1.4.0.202007081208/tools/bin/../lib/gcc/arm-none-eabi/7.3.1/../../../../arm-none-eabi/lib/thumb/v7e-m/fpv4-sp/hard\libc_nano.a(lib_a-nano-vfprintf_float.o)
                              (_printf_float)
d:/da/soft/stm32cubeide_1.4.0/stm32cubeide/plugins/com.st.stm32cube.ide.mcu.externaltools.gnu-tools-for-stm32.7-2018-q2-update.win32_1.4.0.202007081208/tools/bin/../lib/gcc/arm-none-eabi/7.3.1/../../../../arm-none-eabi/lib/thumb/v7e-m/fpv4-sp/hard\libc_nano.a(lib_a-nano-vfprintf_i.o)
[...]
Memory Configuration

Name             Origin             Length             Attributes
RAM              0x0000000020000000 0x0000000000020000 xrw
FLASH            0x0000000008000000 0x0000000000080000 xr
*default*        0x0000000000000000 0xffffffffffffffff

Linker script and memory map

LOAD d:/da/soft/stm32cubeide_1.4.0/stm32cubeide/plugins/com.st.stm32cube.ide.mcu.externaltools.gnu-tools-for-stm32.7-2018-q2-update.win32_1.4.0.202007081208/tools/bin/../lib/gcc/arm-none-eabi/7.3.1/thumb/v7e-m/fpv4-sp/hard/crti.o
LOAD d:/da/soft/stm32cubeide_1.4.0/stm32cubeide/plugins/com.st.stm32cube.ide.mcu.externaltools.gnu-tools-for-stm32.7-2018-q2-update.win32_1.4.0.202007081208/tools/bin/../lib/gcc/arm-none-eabi/7.3.1/thumb/v7e-m/fpv4-sp/hard/crtbegin.o
LOAD d:/da/soft/stm32cubeide_1.4.0/stm32cubeide/plugins/com.st.stm32cube.ide.mcu.externaltools.gnu-tools-for-stm32.7-2018-q2-update.win32_1.4.0.202007081208/tools/bin/../lib/gcc/arm-none-eabi/7.3.1/../../../../arm-none-eabi/lib/thumb/v7e-m/fpv4-sp/hard/crt0.o
LOAD Core/Src/main.o
LOAD Core/Src/stm32f4xx_hal_msp.o
LOAD Core/Src/stm32f4xx_it.o
LOAD Core/Src/syscalls.o
LOAD Core/Src/sysmem.o
LOAD Core/Src/system_stm32f4xx.o
LOAD Core/Startup/startup_stm32f411vetx.o
LOAD Drivers/BSP/Components/cs43l22/cs43l22.o
LOAD Drivers/BSP/Components/exc7200/exc7200.o
LOAD Drivers/BSP/Components/ft6x06/ft6x06.o
LOAD Drivers/BSP/Components/ili9325/ili9325.o
LOAD Drivers/BSP/Components/ili9341/ili9341.o
LOAD Drivers/BSP/Components/l3gd20/l3gd20.o
LOAD Drivers/BSP/Components/lis302dl/lis302dl.o
LOAD Drivers/BSP/Components/lis3dsh/lis3dsh.o
LOAD Drivers/BSP/Components/lsm303dlhc/lsm303dlhc.o
LOAD Drivers/BSP/Components/mfxstm32l152/mfxstm32l152.o
LOAD Drivers/BSP/Components/otm8009a/otm8009a.o
LOAD Drivers/BSP/Components/ov2640/ov2640.o
LOAD Drivers/BSP/Components/s5k5cag/s5k5cag.o
LOAD Drivers/BSP/Components/st7735/st7735.o
LOAD Drivers/BSP/Components/stmpe1600/stmpe1600.o
LOAD Drivers/BSP/Components/stmpe811/stmpe811.o
LOAD Drivers/BSP/Components/ts3510/ts3510.o
LOAD Drivers/BSP/Components/wm8994/wm8994.o
LOAD Drivers/BSP/STM32F411E-Discovery/stm32f411e_discovery.o
LOAD Drivers/BSP/STM32F411E-Discovery/stm32f411e_discovery_accelerometer.o
LOAD Drivers/BSP/STM32F411E-Discovery/stm32f411e_discovery_gyroscope.o
LOAD Drivers/STM32F4xx_HAL_Driver/Src/stm32f4xx_hal.o
LOAD Drivers/STM32F4xx_HAL_Driver/Src/stm32f4xx_hal_cortex.o
LOAD Drivers/STM32F4xx_HAL_Driver/Src/stm32f4xx_hal_dma.o
LOAD Drivers/STM32F4xx_HAL_Driver/Src/stm32f4xx_hal_dma_ex.o
LOAD Drivers/STM32F4xx_HAL_Driver/Src/stm32f4xx_hal_exti.o
LOAD Drivers/STM32F4xx_HAL_Driver/Src/stm32f4xx_hal_flash.o
LOAD Drivers/STM32F4xx_HAL_Driver/Src/stm32f4xx_hal_flash_ex.o
LOAD Drivers/STM32F4xx_HAL_Driver/Src/stm32f4xx_hal_flash_ramfunc.o
LOAD Drivers/STM32F4xx_HAL_Driver/Src/stm32f4xx_hal_gpio.o
LOAD Drivers/STM32F4xx_HAL_Driver/Src/stm32f4xx_hal_i2c.o
LOAD Drivers/STM32F4xx_HAL_Driver/Src/stm32f4xx_hal_i2c_ex.o
LOAD Drivers/STM32F4xx_HAL_Driver/Src/stm32f4xx_hal_i2s.o
LOAD Drivers/STM32F4xx_HAL_Driver/Src/stm32f4xx_hal_i2s_ex.o
LOAD Drivers/STM32F4xx_HAL_Driver/Src/stm32f4xx_hal_pcd.o
LOAD Drivers/STM32F4xx_HAL_Driver/Src/stm32f4xx_hal_pcd_ex.o
LOAD Drivers/STM32F4xx_HAL_Driver/Src/stm32f4xx_hal_pwr.o
LOAD Drivers/STM32F4xx_HAL_Driver/Src/stm32f4xx_hal_pwr_ex.o
LOAD Drivers/STM32F4xx_HAL_Driver/Src/stm32f4xx_hal_rcc.o
LOAD Drivers/STM32F4xx_HAL_Driver/Src/stm32f4xx_hal_rcc_ex.o
LOAD Drivers/STM32F4xx_HAL_Driver/Src/stm32f4xx_hal_spi.o
LOAD Drivers/STM32F4xx_HAL_Driver/Src/stm32f4xx_hal_tim.o
LOAD Drivers/STM32F4xx_HAL_Driver/Src/stm32f4xx_hal_tim_ex.o
LOAD Drivers/STM32F4xx_HAL_Driver/Src/stm32f4xx_ll_usb.o
LOAD Middlewares/ST/STM32_USB_Device_Library/Class/CDC/Src/usbd_cdc.o
LOAD Middlewares/ST/STM32_USB_Device_Library/Core/Src/usbd_core.o
LOAD Middlewares/ST/STM32_USB_Device_Library/Core/Src/usbd_ctlreq.o
LOAD Middlewares/ST/STM32_USB_Device_Library/Core/Src/usbd_ioreq.o
LOAD USB_DEVICE/App/usb_device.o
LOAD USB_DEVICE/App/usbd_cdc_if.o
LOAD USB_DEVICE/App/usbd_desc.o
LOAD USB_DEVICE/Target/usbd_conf.o
START GROUP
LOAD d:/da/soft/stm32cubeide_1.4.0/stm32cubeide/plugins/com.st.stm32cube.ide.mcu.externaltools.gnu-tools-for-stm32.7-2018-q2-update.win32_1.4.0.202007081208/tools/bin/../lib/gcc/arm-none-eabi/7.3.1/../../../../arm-none-eabi/lib/thumb/v7e-m/fpv4-sp/hard\libc_nano.a
LOAD d:/da/soft/stm32cubeide_1.4.0/stm32cubeide/plugins/com.st.stm32cube.ide.mcu.externaltools.gnu-tools-for-stm32.7-2018-q2-update.win32_1.4.0.202007081208/tools/bin/../lib/gcc/arm-none-eabi/7.3.1/../../../../arm-none-eabi/lib/thumb/v7e-m/fpv4-sp/hard\libm.a
END GROUP
START GROUP
LOAD d:/da/soft/stm32cubeide_1.4.0/stm32cubeide/plugins/com.st.stm32cube.ide.mcu.externaltools.gnu-tools-for-stm32.7-2018-q2-update.win32_1.4.0.202007081208/tools/bin/../lib/gcc/arm-none-eabi/7.3.1/thumb/v7e-m/fpv4-sp/hard\libgcc.a
LOAD d:/da/soft/stm32cubeide_1.4.0/stm32cubeide/plugins/com.st.stm32cube.ide.mcu.externaltools.gnu-tools-for-stm32.7-2018-q2-update.win32_1.4.0.202007081208/tools/bin/../lib/gcc/arm-none-eabi/7.3.1/../../../../arm-none-eabi/lib/thumb/v7e-m/fpv4-sp/hard\libc_nano.a
END GROUP
START GROUP
LOAD d:/da/soft/stm32cubeide_1.4.0/stm32cubeide/plugins/com.st.stm32cube.ide.mcu.externaltools.gnu-tools-for-stm32.7-2018-q2-update.win32_1.4.0.202007081208/tools/bin/../lib/gcc/arm-none-eabi/7.3.1/thumb/v7e-m/fpv4-sp/hard\libgcc.a
LOAD d:/da/soft/stm32cubeide_1.4.0/stm32cubeide/plugins/com.st.stm32cube.ide.mcu.externaltools.gnu-tools-for-stm32.7-2018-q2-update.win32_1.4.0.202007081208/tools/bin/../lib/gcc/arm-none-eabi/7.3.1/../../../../arm-none-eabi/lib/thumb/v7e-m/fpv4-sp/hard\libc_nano.a
LOAD d:/da/soft/stm32cubeide_1.4.0/stm32cubeide/plugins/com.st.stm32cube.ide.mcu.externaltools.gnu-tools-for-stm32.7-2018-q2-update.win32_1.4.0.202007081208/tools/bin/../lib/gcc/arm-none-eabi/7.3.1/../../../../arm-none-eabi/lib/thumb/v7e-m/fpv4-sp/hard\libnosys.a
END GROUP
START GROUP
LOAD d:/da/soft/stm32cubeide_1.4.0/stm32cubeide/plugins/com.st.stm32cube.ide.mcu.externaltools.gnu-tools-for-stm32.7-2018-q2-update.win32_1.4.0.202007081208/tools/bin/../lib/gcc/arm-none-eabi/7.3.1/thumb/v7e-m/fpv4-sp/hard\libgcc.a
LOAD d:/da/soft/stm32cubeide_1.4.0/stm32cubeide/plugins/com.st.stm32cube.ide.mcu.externaltools.gnu-tools-for-stm32.7-2018-q2-update.win32_1.4.0.202007081208/tools/bin/../lib/gcc/arm-none-eabi/7.3.1/../../../../arm-none-eabi/lib/thumb/v7e-m/fpv4-sp/hard\libc_nano.a
LOAD d:/da/soft/stm32cubeide_1.4.0/stm32cubeide/plugins/com.st.stm32cube.ide.mcu.externaltools.gnu-tools-for-stm32.7-2018-q2-update.win32_1.4.0.202007081208/tools/bin/../lib/gcc/arm-none-eabi/7.3.1/../../../../arm-none-eabi/lib/thumb/v7e-m/fpv4-sp/hard\libnosys.a
END GROUP
LOAD d:/da/soft/stm32cubeide_1.4.0/stm32cubeide/plugins/com.st.stm32cube.ide.mcu.externaltools.gnu-tools-for-stm32.7-2018-q2-update.win32_1.4.0.202007081208/tools/bin/../lib/gcc/arm-none-eabi/7.3.1/thumb/v7e-m/fpv4-sp/hard/crtend.o
LOAD d:/da/soft/stm32cubeide_1.4.0/stm32cubeide/plugins/com.st.stm32cube.ide.mcu.externaltools.gnu-tools-for-stm32.7-2018-q2-update.win32_1.4.0.202007081208/tools/bin/../lib/gcc/arm-none-eabi/7.3.1/thumb/v7e-m/fpv4-sp/hard/crtn.o
                0x0000000020020000                _estack = (ORIGIN (RAM) + LENGTH (RAM))
                0x0000000000000200                _Min_Heap_Size = 0x200
                0x0000000000000400                _Min_Stack_Size = 0x400

.isr_vector     0x0000000008000000      0x198
                0x0000000008000000                . = ALIGN (0x4)
 *(.isr_vector)
 .isr_vector    0x0000000008000000      0x198 Core/Startup/startup_stm32f411vetx.o
                0x0000000008000000                g_pfnVectors
                0x0000000008000198                . = ALIGN (0x4)

.text           0x00000000080001a0     0xe6c4
                0x00000000080001a0                . = ALIGN (0x4)
 *(.text)
 .text          0x00000000080001a0       0x40 d:/da/soft/stm32cubeide_1.4.0/stm32cubeide/plugins/com.st.stm32cube.ide.mcu.externaltools.gnu-tools-for-stm32.7-2018-q2-update.win32_1.4.0.202007081208/tools/bin/../lib/gcc/arm-none-eabi/7.3.1/thumb/v7e-m/fpv4-sp/hard/crtbegin.o
 .text          0x00000000080001e0       0x10 d:/da/soft/stm32cubeide_1.4.0/stm32cubeide/plugins/com.st.stm32cube.ide.mcu.externaltools.gnu-tools-for-stm32.7-2018-q2-update.win32_1.4.0.202007081208/tools/bin/../lib/gcc/arm-none-eabi/7.3.1/../../../../arm-none-eabi/lib/thumb/v7e-m/fpv4-sp/hard\libc_nano.a(lib_a-strlen.o)
                0x00000000080001e0                strlen
 .text          0x00000000080001f0       0xa0 d:/da/soft/stm32cubeide_1.4.0/stm32cubeide/plugins/com.st.stm32cube.ide.mcu.externaltools.gnu-tools-for-stm32.7-2018-q2-update.win32_1.4.0.202007081208/tools/bin/../lib/gcc/arm-none-eabi/7.3.1/../../../../arm-none-eabi/lib/thumb/v7e-m/fpv4-sp/hard\libc_nano.a(lib_a-memchr.o)
                0x00000000080001f0                memchr
 .text          0x0000000008000290      0x378 d:/da/soft/stm32cubeide_1.4.0/stm32cubeide/plugins/com.st.stm32cube.ide.mcu.externaltools.gnu-tools-for-stm32.7-2018-q2-update.win32_1.4.0.202007081208/tools/bin/../lib/gcc/arm-none-eabi/7.3.1/thumb/v7e-m/fpv4-sp/hard\libgcc.a(_arm_addsubdf3.o)
                0x0000000008000290                __aeabi_drsub
                0x0000000008000298                __aeabi_dsub
                0x0000000008000298                __subdf3
                0x000000000800029c                __aeabi_dadd
                0x000000000800029c                __adddf3
                0x0000000008000514                __floatunsidf
                0x0000000008000514                __aeabi_ui2d
                0x0000000008000534                __floatsidf
                0x0000000008000534                __aeabi_i2d
                0x0000000008000558                __aeabi_f2d
                0x0000000008000558                __extendsfdf2
                0x000000000800059c                __floatundidf
                0x000000000800059c                __aeabi_ul2d
                0x00000000080005ac                __floatdidf
                0x00000000080005ac                __aeabi_l2d
 .text          0x0000000008000608      0x424 d:/da/soft/stm32cubeide_1.4.0/stm32cubeide/plugins/com.st.stm32cube.ide.mcu.externaltools.gnu-tools-for-stm32.7-2018-q2-update.win32_1.4.0.202007081208/tools/bin/../lib/gcc/arm-none-eabi/7.3.1/thumb/v7e-m/fpv4-sp/hard\libgcc.a(_arm_muldivdf3.o)
                0x0000000008000608                __aeabi_dmul
                0x0000000008000608                __muldf3
                0x000000000800085c                __divdf3
                0x000000000800085c                __aeabi_ddiv
 .text          0x0000000008000a2c      0x110 d:/da/soft/stm32cubeide_1.4.0/stm32cubeide/plugins/com.st.stm32cube.ide.mcu.externaltools.gnu-tools-for-stm32.7-2018-q2-update.win32_1.4.0.202007081208/tools/bin/../lib/gcc/arm-none-eabi/7.3.1/thumb/v7e-m/fpv4-sp/hard\libgcc.a(_arm_cmpdf2.o)
                0x0000000008000a2c                __gtdf2
                0x0000000008000a2c                __gedf2
                0x0000000008000a34                __ltdf2
                0x0000000008000a34                __ledf2
                0x0000000008000a3c                __nedf2
                0x0000000008000a3c                __eqdf2
                0x0000000008000a3c                __cmpdf2
                0x0000000008000ab8                __aeabi_cdrcmple
                0x0000000008000ac8                __aeabi_cdcmpeq
                0x0000000008000ac8                __aeabi_cdcmple
                0x0000000008000ad8                __aeabi_dcmpeq
                0x0000000008000aec                __aeabi_dcmplt
                0x0000000008000b00                __aeabi_dcmple
                0x0000000008000b14                __aeabi_dcmpge
                0x0000000008000b28                __aeabi_dcmpgt
 .text          0x0000000008000b3c       0x2c d:/da/soft/stm32cubeide_1.4.0/stm32cubeide/plugins/com.st.stm32cube.ide.mcu.externaltools.gnu-tools-for-stm32.7-2018-q2-update.win32_1.4.0.202007081208/tools/bin/../lib/gcc/arm-none-eabi/7.3.1/thumb/v7e-m/fpv4-sp/hard\libgcc.a(_arm_unorddf2.o)
                0x0000000008000b3c                __unorddf2
                0x0000000008000b3c                __aeabi_dcmpun
 .text          0x0000000008000b68       0x50 d:/da/soft/stm32cubeide_1.4.0/stm32cubeide/plugins/com.st.stm32cube.ide.mcu.externaltools.gnu-tools-for-stm32.7-2018-q2-update.win32_1.4.0.202007081208/tools/bin/../lib/gcc/arm-none-eabi/7.3.1/thumb/v7e-m/fpv4-sp/hard\libgcc.a(_arm_fixdfsi.o)
                0x0000000008000b68                __aeabi_d2iz
                0x0000000008000b68                __fixdfsi
 .text          0x0000000008000bb8       0x40 d:/da/soft/stm32cubeide_1.4.0/stm32cubeide/plugins/com.st.stm32cube.ide.mcu.externaltools.gnu-tools-for-stm32.7-2018-q2-update.win32_1.4.0.202007081208/tools/bin/../lib/gcc/arm-none-eabi/7.3.1/thumb/v7e-m/fpv4-sp/hard\libgcc.a(_arm_fixunsdfsi.o)
                0x0000000008000bb8                __aeabi_d2uiz
                0x0000000008000bb8                __fixunsdfsi
 .text          0x0000000008000bf8       0xa0 d:/da/soft/stm32cubeide_1.4.0/stm32cubeide/plugins/com.st.stm32cube.ide.mcu.externaltools.gnu-tools-for-stm32.7-2018-q2-update.win32_1.4.0.202007081208/tools/bin/../lib/gcc/arm-none-eabi/7.3.1/thumb/v7e-m/fpv4-sp/hard\libgcc.a(_arm_truncdfsf2.o)
                0x0000000008000bf8                __truncdfsf2
                0x0000000008000bf8                __aeabi_d2f
 .text          0x0000000008000c98       0x30 d:/da/soft/stm32cubeide_1.4.0/stm32cubeide/plugins/com.st.stm32cube.ide.mcu.externaltools.gnu-tools-for-stm32.7-2018-q2-update.win32_1.4.0.202007081208/tools/bin/../lib/gcc/arm-none-eabi/7.3.1/thumb/v7e-m/fpv4-sp/hard\libgcc.a(_aeabi_uldivmod.o)
                0x0000000008000c98                __aeabi_uldivmod
 .text          0x0000000008000cc8      0x2cc d:/da/soft/stm32cubeide_1.4.0/stm32cubeide/plugins/com.st.stm32cube.ide.mcu.externaltools.gnu-tools-for-stm32.7-2018-q2-update.win32_1.4.0.202007081208/tools/bin/../lib/gcc/arm-none-eabi/7.3.1/thumb/v7e-m/fpv4-sp/hard\libgcc.a(_udivmoddi4.o)
                0x0000000008000cc8                __udivmoddi4
 .text          0x0000000008000f94        0x4 d:/da/soft/stm32cubeide_1.4.0/stm32cubeide/plugins/com.st.stm32cube.ide.mcu.externaltools.gnu-tools-for-stm32.7-2018-q2-update.win32_1.4.0.202007081208/tools/bin/../lib/gcc/arm-none-eabi/7.3.1/thumb/v7e-m/fpv4-sp/hard\libgcc.a(_dvmd_tls.o)
                0x0000000008000f94                __aeabi_idiv0
                0x0000000008000f94                __aeabi_ldiv0
 *(.text*)
 .text.main     0x0000000008000f98      0x43c Core/Src/main.o
                0x0000000008000f98                main
 .text.SystemClock_Config
                0x00000000080013d4      0x110 Core/Src/main.o
                0x00000000080013d4                SystemClock_Config
 .text.MX_I2C1_Init
                0x00000000080014e4       0x5c Core/Src/main.o
 .text.MX_I2S2_Init
                0x0000000008001540       0x5c Core/Src/main.o
 .text.MX_I2S3_Init
                0x000000000800159c       0x60 Core/Src/main.o
 .text.MX_SPI1_Init
                0x00000000080015fc       0x6c Core/Src/main.o
 .text.MX_GPIO_Init
                0x0000000008001668      0x1f8 Core/Src/main.o
 .text.Error_Handler
                0x0000000008001860        0xe Core/Src/main.o
                0x0000000008001860                Error_Handler
 *fill*         0x000000000800186e        0x2 
 .text.HAL_MspInit
                0x0000000008001870       0x50 Core/Src/stm32f4xx_hal_msp.o
                0x0000000008001870                HAL_MspInit
 .text.HAL_I2C_MspInit
                0x00000000080018c0       0x90 Core/Src/stm32f4xx_hal_msp.o
                0x00000000080018c0                HAL_I2C_MspInit
 .text.HAL_I2C_MspDeInit
                0x0000000008001950       0x44 Core/Src/stm32f4xx_hal_msp.o
                0x0000000008001950                HAL_I2C_MspDeInit
 .text.HAL_I2S_MspInit
                0x0000000008001994      0x19c Core/Src/stm32f4xx_hal_msp.o
                0x0000000008001994                HAL_I2S_MspInit
 .text.HAL_SPI_MspInit
                0x0000000008001b30       0x90 Core/Src/stm32f4xx_hal_msp.o
                0x0000000008001b30                HAL_SPI_MspInit
 .text.HAL_SPI_MspDeInit
                0x0000000008001bc0       0x3c Core/Src/stm32f4xx_hal_msp.o
                0x0000000008001bc0                HAL_SPI_MspDeInit
 .text.NMI_Handler
                0x0000000008001bfc        0xe Core/Src/stm32f4xx_it.o
                0x0000000008001bfc                NMI_Handler
 .text.HardFault_Handler
                0x0000000008001c0a        0x6 Core/Src/stm32f4xx_it.o
                0x0000000008001c0a                HardFault_Handler
 .text.MemManage_Handler
                0x0000000008001c10        0x6 Core/Src/stm32f4xx_it.o
                0x0000000008001c10                MemManage_Handler
 .text.BusFault_Handler
                0x0000000008001c16        0x6 Core/Src/stm32f4xx_it.o
                0x0000000008001c16                BusFault_Handler
 .text.UsageFault_Handler
                0x0000000008001c1c        0x6 Core/Src/stm32f4xx_it.o
                0x0000000008001c1c                UsageFault_Handler
 .text.SVC_Handler
                0x0000000008001c22        0xe Core/Src/stm32f4xx_it.o
                0x0000000008001c22                SVC_Handler
 .text.DebugMon_Handler
                0x0000000008001c30        0xe Core/Src/stm32f4xx_it.o
                0x0000000008001c30                DebugMon_Handler
 .text.PendSV_Handler
                0x0000000008001c3e        0xe Core/Src/stm32f4xx_it.o
                0x0000000008001c3e                PendSV_Handler
 .text.SysTick_Handler
                0x0000000008001c4c        0xc Core/Src/stm32f4xx_it.o
                0x0000000008001c4c                SysTick_Handler
 .text.OTG_FS_IRQHandler
                0x0000000008001c58       0x14 Core/Src/stm32f4xx_it.o
                0x0000000008001c58                OTG_FS_IRQHandler
 .text._sbrk    0x0000000008001c6c       0x6c Core/Src/sysmem.o
                0x0000000008001c6c                _sbrk
 .text.SystemInit
                0x0000000008001cd8       0x2c Core/Src/system_stm32f4xx.o
                0x0000000008001cd8                SystemInit
 .text.Reset_Handler
                0x0000000008001d04       0x50 Core/Startup/startup_stm32f411vetx.o
                0x0000000008001d04                Reset_Handler
 .text.Default_Handler
                0x0000000008001d54        0x2 Core/Startup/startup_stm32f411vetx.o
                0x0000000008001d54                RTC_Alarm_IRQHandler
                0x0000000008001d54                EXTI2_IRQHandler
                0x0000000008001d54                SPI4_IRQHandler
                0x0000000008001d54                TIM1_CC_IRQHandler
                0x0000000008001d54                DMA2_Stream5_IRQHandler
                0x0000000008001d54                DMA1_Stream5_IRQHandler
                0x0000000008001d54                PVD_IRQHandler
                0x0000000008001d54                SDIO_IRQHandler
                0x0000000008001d54                TAMP_STAMP_IRQHandler
                0x0000000008001d54                EXTI3_IRQHandler
                0x0000000008001d54                TIM1_UP_TIM10_IRQHandler
                0x0000000008001d54                I2C3_ER_IRQHandler
                0x0000000008001d54                EXTI0_IRQHandler
                0x0000000008001d54                I2C2_EV_IRQHandler
                0x0000000008001d54                DMA1_Stream2_IRQHandler
                0x0000000008001d54                FPU_IRQHandler
                0x0000000008001d54                DMA2_Stream2_IRQHandler
                0x0000000008001d54                SPI1_IRQHandler
                0x0000000008001d54                TIM1_BRK_TIM9_IRQHandler
                0x0000000008001d54                DMA2_Stream3_IRQHandler
                0x0000000008001d54                USART6_IRQHandler
                0x0000000008001d54                DMA2_Stream0_IRQHandler
                0x0000000008001d54                TIM4_IRQHandler
                0x0000000008001d54                I2C1_EV_IRQHandler
                0x0000000008001d54                DMA1_Stream6_IRQHandler
                0x0000000008001d54                DMA1_Stream1_IRQHandler
                0x0000000008001d54                TIM3_IRQHandler
                0x0000000008001d54                RCC_IRQHandler
                0x0000000008001d54                Default_Handler
                0x0000000008001d54                EXTI15_10_IRQHandler
                0x0000000008001d54                ADC_IRQHandler
                0x0000000008001d54                DMA1_Stream7_IRQHandler
                0x0000000008001d54                SPI5_IRQHandler
                0x0000000008001d54                TIM5_IRQHandler
                0x0000000008001d54                DMA2_Stream7_IRQHandler
                0x0000000008001d54                I2C3_EV_IRQHandler
                0x0000000008001d54                EXTI9_5_IRQHandler
                0x0000000008001d54                RTC_WKUP_IRQHandler
                0x0000000008001d54                SPI2_IRQHandler
                0x0000000008001d54                DMA1_Stream0_IRQHandler
                0x0000000008001d54                EXTI4_IRQHandler
                0x0000000008001d54                WWDG_IRQHandler
                0x0000000008001d54                TIM2_IRQHandler
                0x0000000008001d54                OTG_FS_WKUP_IRQHandler
                0x0000000008001d54                TIM1_TRG_COM_TIM11_IRQHandler
                0x0000000008001d54                EXTI1_IRQHandler
                0x0000000008001d54                USART2_IRQHandler
                0x0000000008001d54                I2C2_ER_IRQHandler
                0x0000000008001d54                DMA2_Stream1_IRQHandler
                0x0000000008001d54                FLASH_IRQHandler
                0x0000000008001d54                DMA2_Stream4_IRQHandler
                0x0000000008001d54                USART1_IRQHandler
                0x0000000008001d54                SPI3_IRQHandler
                0x0000000008001d54                DMA1_Stream4_IRQHandler
                0x0000000008001d54                I2C1_ER_IRQHandler
                0x0000000008001d54                DMA2_Stream6_IRQHandler
                0x0000000008001d54                DMA1_Stream3_IRQHandler
 .text.L3GD20_Init
                0x0000000008001d56       0x46 Drivers/BSP/Components/l3gd20/l3gd20.o
                0x0000000008001d56                L3GD20_Init
 .text.L3GD20_DeInit
                0x0000000008001d9c        0xe Drivers/BSP/Components/l3gd20/l3gd20.o
                0x0000000008001d9c                L3GD20_DeInit
 .text.L3GD20_ReadID
                0x0000000008001daa       0x20 Drivers/BSP/Components/l3gd20/l3gd20.o
                0x0000000008001daa                L3GD20_ReadID
 .text.L3GD20_RebootCmd
                0x0000000008001dca       0x30 Drivers/BSP/Components/l3gd20/l3gd20.o
                0x0000000008001dca                L3GD20_RebootCmd
 .text.L3GD20_LowPower
                0x0000000008001dfa       0x2a Drivers/BSP/Components/l3gd20/l3gd20.o
                0x0000000008001dfa                L3GD20_LowPower
 .text.L3GD20_INT1InterruptConfig
                0x0000000008001e24       0x86 Drivers/BSP/Components/l3gd20/l3gd20.o
                0x0000000008001e24                L3GD20_INT1InterruptConfig
 .text.L3GD20_EnableIT
                0x0000000008001eaa       0x64 Drivers/BSP/Components/l3gd20/l3gd20.o
                0x0000000008001eaa                L3GD20_EnableIT
 .text.L3GD20_DisableIT
                0x0000000008001f0e       0x58 Drivers/BSP/Components/l3gd20/l3gd20.o
                0x0000000008001f0e                L3GD20_DisableIT
 .text.L3GD20_FilterConfig
                0x0000000008001f66       0x42 Drivers/BSP/Components/l3gd20/l3gd20.o
                0x0000000008001f66                L3GD20_FilterConfig
 .text.L3GD20_FilterCmd
                0x0000000008001fa8       0x42 Drivers/BSP/Components/l3gd20/l3gd20.o
                0x0000000008001fa8                L3GD20_FilterCmd
 *fill*         0x0000000008001fea        0x2 
 .text.L3GD20_ReadXYZAngRate
                0x0000000008001fec      0x160 Drivers/BSP/Components/l3gd20/l3gd20.o
                0x0000000008001fec                L3GD20_ReadXYZAngRate
 .text.LSM303DLHC_AccInit
                0x000000000800214c       0x3a Drivers/BSP/Components/lsm303dlhc/lsm303dlhc.o
                0x000000000800214c                LSM303DLHC_AccInit
 .text.LSM303DLHC_AccDeInit
                0x0000000008002186        0xe Drivers/BSP/Components/lsm303dlhc/lsm303dlhc.o
                0x0000000008002186                LSM303DLHC_AccDeInit
 .text.LSM303DLHC_AccReadID
                0x0000000008002194       0x24 Drivers/BSP/Components/lsm303dlhc/lsm303dlhc.o
                0x0000000008002194                LSM303DLHC_AccReadID
 .text.LSM303DLHC_AccRebootCmd
                0x00000000080021b8       0x2e Drivers/BSP/Components/lsm303dlhc/lsm303dlhc.o
                0x00000000080021b8                LSM303DLHC_AccRebootCmd
 .text.LSM303DLHC_AccFilterConfig
                0x00000000080021e6       0x3a Drivers/BSP/Components/lsm303dlhc/lsm303dlhc.o
                0x00000000080021e6                LSM303DLHC_AccFilterConfig
 .text.LSM303DLHC_AccFilterCmd
                0x0000000008002220       0x3a Drivers/BSP/Components/lsm303dlhc/lsm303dlhc.o
                0x0000000008002220                LSM303DLHC_AccFilterCmd
 .text.LSM303DLHC_AccReadXYZ
                0x000000000800225a      0x1a4 Drivers/BSP/Components/lsm303dlhc/lsm303dlhc.o
                0x000000000800225a                LSM303DLHC_AccReadXYZ
 .text.LSM303DLHC_AccFilterClickCmd
                0x00000000080023fe       0x3e Drivers/BSP/Components/lsm303dlhc/lsm303dlhc.o
                0x00000000080023fe                LSM303DLHC_AccFilterClickCmd
 .text.LSM303DLHC_AccIT1Enable
                0x000000000800243c       0x36 Drivers/BSP/Components/lsm303dlhc/lsm303dlhc.o
                0x000000000800243c                LSM303DLHC_AccIT1Enable
 .text.LSM303DLHC_AccClickITEnable
                0x0000000008002472       0x72 Drivers/BSP/Components/lsm303dlhc/lsm303dlhc.o
                0x0000000008002472                LSM303DLHC_AccClickITEnable
 .text.LSM303DLHC_AccZClickITConfig
                0x00000000080024e4       0x1e Drivers/BSP/Components/lsm303dlhc/lsm303dlhc.o
                0x00000000080024e4                LSM303DLHC_AccZClickITConfig
 *fill*         0x0000000008002502        0x2 
 .text.I2Cx_Init
                0x0000000008002504       0x64 Drivers/BSP/STM32F411E-Discovery/stm32f411e_discovery.o
 .text.I2Cx_WriteData
                0x0000000008002568       0x50 Drivers/BSP/STM32F411E-Discovery/stm32f411e_discovery.o
 .text.I2Cx_ReadData
                0x00000000080025b8       0x58 Drivers/BSP/STM32F411E-Discovery/stm32f411e_discovery.o
 .text.I2Cx_Error
                0x0000000008002610       0x18 Drivers/BSP/STM32F411E-Discovery/stm32f411e_discovery.o
 .text.I2Cx_MspInit
                0x0000000008002628       0xac Drivers/BSP/STM32F411E-Discovery/stm32f411e_discovery.o
 .text.SPIx_Init
                0x00000000080026d4       0x74 Drivers/BSP/STM32F411E-Discovery/stm32f411e_discovery.o
 .text.SPIx_WriteRead
                0x0000000008002748       0x40 Drivers/BSP/STM32F411E-Discovery/stm32f411e_discovery.o
 .text.SPIx_Error
                0x0000000008002788       0x18 Drivers/BSP/STM32F411E-Discovery/stm32f411e_discovery.o
 .text.SPIx_MspInit
                0x00000000080027a0       0x70 Drivers/BSP/STM32F411E-Discovery/stm32f411e_discovery.o
 .text.GYRO_IO_Init
                0x0000000008002810       0x94 Drivers/BSP/STM32F411E-Discovery/stm32f411e_discovery.o
                0x0000000008002810                GYRO_IO_Init
 .text.GYRO_IO_Write
                0x00000000080028a4       0x64 Drivers/BSP/STM32F411E-Discovery/stm32f411e_discovery.o
                0x00000000080028a4                GYRO_IO_Write
 .text.GYRO_IO_Read
                0x0000000008002908       0x74 Drivers/BSP/STM32F411E-Discovery/stm32f411e_discovery.o
                0x0000000008002908                GYRO_IO_Read
 .text.COMPASSACCELERO_IO_Init
                0x000000000800297c       0x50 Drivers/BSP/STM32F411E-Discovery/stm32f411e_discovery.o
                0x000000000800297c                COMPASSACCELERO_IO_Init
 .text.COMPASSACCELERO_IO_ITConfig
                0x00000000080029cc       0x60 Drivers/BSP/STM32F411E-Discovery/stm32f411e_discovery.o
                0x00000000080029cc                COMPASSACCELERO_IO_ITConfig
 .text.COMPASSACCELERO_IO_Write
                0x0000000008002a2c       0x26 Drivers/BSP/STM32F411E-Discovery/stm32f411e_discovery.o
                0x0000000008002a2c                COMPASSACCELERO_IO_Write
 .text.COMPASSACCELERO_IO_Read
                0x0000000008002a52       0x26 Drivers/BSP/STM32F411E-Discovery/stm32f411e_discovery.o
                0x0000000008002a52                COMPASSACCELERO_IO_Read
 .text.BSP_ACCELERO_Init
                0x0000000008002a78       0xd8 Drivers/BSP/STM32F411E-Discovery/stm32f411e_discovery_accelerometer.o
                0x0000000008002a78                BSP_ACCELERO_Init
 .text.BSP_ACCELERO_GetXYZ
                0x0000000008002b50       0x58 Drivers/BSP/STM32F411E-Discovery/stm32f411e_discovery_accelerometer.o
                0x0000000008002b50                BSP_ACCELERO_GetXYZ
 .text.BSP_GYRO_Init
                0x0000000008002ba8       0xcc Drivers/BSP/STM32F411E-Discovery/stm32f411e_discovery_gyroscope.o
                0x0000000008002ba8                BSP_GYRO_Init
 .text.BSP_GYRO_GetXYZ
                0x0000000008002c74       0x28 Drivers/BSP/STM32F411E-Discovery/stm32f411e_discovery_gyroscope.o
                0x0000000008002c74                BSP_GYRO_GetXYZ
 .text.HAL_Init
                0x0000000008002c9c       0x44 Drivers/STM32F4xx_HAL_Driver/Src/stm32f4xx_hal.o
                0x0000000008002c9c                HAL_Init
 .text.HAL_InitTick
                0x0000000008002ce0       0x60 Drivers/STM32F4xx_HAL_Driver/Src/stm32f4xx_hal.o
                0x0000000008002ce0                HAL_InitTick
 .text.HAL_IncTick
                0x0000000008002d40       0x28 Drivers/STM32F4xx_HAL_Driver/Src/stm32f4xx_hal.o
                0x0000000008002d40                HAL_IncTick
 .text.HAL_GetTick
                0x0000000008002d68       0x18 Drivers/STM32F4xx_HAL_Driver/Src/stm32f4xx_hal.o
                0x0000000008002d68                HAL_GetTick
 .text.HAL_Delay
                0x0000000008002d80       0x44 Drivers/STM32F4xx_HAL_Driver/Src/stm32f4xx_hal.o
                0x0000000008002d80                HAL_Delay
 .text.__NVIC_SetPriorityGrouping
                0x0000000008002dc4       0x48 Drivers/STM32F4xx_HAL_Driver/Src/stm32f4xx_hal_cortex.o
 .text.__NVIC_GetPriorityGrouping
                0x0000000008002e0c       0x1c Drivers/STM32F4xx_HAL_Driver/Src/stm32f4xx_hal_cortex.o
 .text.__NVIC_EnableIRQ
                0x0000000008002e28       0x3c Drivers/STM32F4xx_HAL_Driver/Src/stm32f4xx_hal_cortex.o
 .text.__NVIC_SetPriority
                0x0000000008002e64       0x54 Drivers/STM32F4xx_HAL_Driver/Src/stm32f4xx_hal_cortex.o
 .text.NVIC_EncodePriority
                0x0000000008002eb8       0x66 Drivers/STM32F4xx_HAL_Driver/Src/stm32f4xx_hal_cortex.o
 *fill*         0x0000000008002f1e        0x2 
 .text.SysTick_Config
                0x0000000008002f20       0x44 Drivers/STM32F4xx_HAL_Driver/Src/stm32f4xx_hal_cortex.o
 .text.HAL_NVIC_SetPriorityGrouping
                0x0000000008002f64       0x16 Drivers/STM32F4xx_HAL_Driver/Src/stm32f4xx_hal_cortex.o
                0x0000000008002f64                HAL_NVIC_SetPriorityGrouping
 .text.HAL_NVIC_SetPriority
                0x0000000008002f7a       0x38 Drivers/STM32F4xx_HAL_Driver/Src/stm32f4xx_hal_cortex.o
                0x0000000008002f7a                HAL_NVIC_SetPriority
 .text.HAL_NVIC_EnableIRQ
                0x0000000008002fb2       0x1c Drivers/STM32F4xx_HAL_Driver/Src/stm32f4xx_hal_cortex.o
                0x0000000008002fb2                HAL_NVIC_EnableIRQ
 .text.HAL_SYSTICK_Config
                0x0000000008002fce       0x18 Drivers/STM32F4xx_HAL_Driver/Src/stm32f4xx_hal_cortex.o
                0x0000000008002fce                HAL_SYSTICK_Config
 *fill*         0x0000000008002fe6        0x2 
 .text.HAL_GPIO_Init
                0x0000000008002fe8      0x304 Drivers/STM32F4xx_HAL_Driver/Src/stm32f4xx_hal_gpio.o
                0x0000000008002fe8                HAL_GPIO_Init
 .text.HAL_GPIO_DeInit
                0x00000000080032ec      0x1c4 Drivers/STM32F4xx_HAL_Driver/Src/stm32f4xx_hal_gpio.o
                0x00000000080032ec                HAL_GPIO_DeInit
 .text.HAL_GPIO_WritePin
                0x00000000080034b0       0x32 Drivers/STM32F4xx_HAL_Driver/Src/stm32f4xx_hal_gpio.o
                0x00000000080034b0                HAL_GPIO_WritePin
 *fill*         0x00000000080034e2        0x2 
 .text.HAL_I2C_Init
                0x00000000080034e4      0x270 Drivers/STM32F4xx_HAL_Driver/Src/stm32f4xx_hal_i2c.o
                0x00000000080034e4                HAL_I2C_Init
 .text.HAL_I2C_DeInit
                0x0000000008003754       0x5e Drivers/STM32F4xx_HAL_Driver/Src/stm32f4xx_hal_i2c.o
                0x0000000008003754                HAL_I2C_DeInit
 *fill*         0x00000000080037b2        0x2 
 .text.HAL_I2C_Mem_Write
                0x00000000080037b4      0x1f4 Drivers/STM32F4xx_HAL_Driver/Src/stm32f4xx_hal_i2c.o
                0x00000000080037b4                HAL_I2C_Mem_Write
 .text.HAL_I2C_Mem_Read
                0x00000000080039a8      0x44c Drivers/STM32F4xx_HAL_Driver/Src/stm32f4xx_hal_i2c.o
                0x00000000080039a8                HAL_I2C_Mem_Read
 .text.HAL_I2C_GetState
                0x0000000008003df4       0x1c Drivers/STM32F4xx_HAL_Driver/Src/stm32f4xx_hal_i2c.o
                0x0000000008003df4                HAL_I2C_GetState
 .text.I2C_RequestMemoryWrite
                0x0000000008003e10      0x12c Drivers/STM32F4xx_HAL_Driver/Src/stm32f4xx_hal_i2c.o
 .text.I2C_RequestMemoryRead
                0x0000000008003f3c      0x1d0 Drivers/STM32F4xx_HAL_Driver/Src/stm32f4xx_hal_i2c.o
 .text.I2C_WaitOnFlagUntilTimeout
                0x000000000800410c       0xae Drivers/STM32F4xx_HAL_Driver/Src/stm32f4xx_hal_i2c.o
 .text.I2C_WaitOnMasterAddressFlagUntilTimeout
                0x00000000080041ba       0xfe Drivers/STM32F4xx_HAL_Driver/Src/stm32f4xx_hal_i2c.o
 .text.I2C_WaitOnTXEFlagUntilTimeout
                0x00000000080042b8       0x82 Drivers/STM32F4xx_HAL_Driver/Src/stm32f4xx_hal_i2c.o
 .text.I2C_WaitOnBTFFlagUntilTimeout
                0x000000000800433a       0x82 Drivers/STM32F4xx_HAL_Driver/Src/stm32f4xx_hal_i2c.o
 .text.I2C_WaitOnRXNEFlagUntilTimeout
                0x00000000080043bc       0xac Drivers/STM32F4xx_HAL_Driver/Src/stm32f4xx_hal_i2c.o
 .text.I2C_IsAcknowledgeFailed
                0x0000000008004468       0x5e Drivers/STM32F4xx_HAL_Driver/Src/stm32f4xx_hal_i2c.o
 *fill*         0x00000000080044c6        0x2 
 .text.HAL_I2S_Init
                0x00000000080044c8      0x280 Drivers/STM32F4xx_HAL_Driver/Src/stm32f4xx_hal_i2s.o
                0x00000000080044c8                HAL_I2S_Init
 .text.HAL_I2S_TxCpltCallback
                0x0000000008004748       0x14 Drivers/STM32F4xx_HAL_Driver/Src/stm32f4xx_hal_i2s.o
                0x0000000008004748                HAL_I2S_TxCpltCallback
 .text.HAL_I2S_RxCpltCallback
                0x000000000800475c       0x14 Drivers/STM32F4xx_HAL_Driver/Src/stm32f4xx_hal_i2s.o
                0x000000000800475c                HAL_I2S_RxCpltCallback
 .text.HAL_I2S_ErrorCallback
                0x0000000008004770       0x14 Drivers/STM32F4xx_HAL_Driver/Src/stm32f4xx_hal_i2s.o
                0x0000000008004770                HAL_I2S_ErrorCallback
 .text.I2S_Transmit_IT
                0x0000000008004784       0x5c Drivers/STM32F4xx_HAL_Driver/Src/stm32f4xx_hal_i2s.o
 .text.I2S_Receive_IT
                0x00000000080047e0       0x5e Drivers/STM32F4xx_HAL_Driver/Src/stm32f4xx_hal_i2s.o
 .text.I2S_IRQHandler
                0x000000000800483e      0x114 Drivers/STM32F4xx_HAL_Driver/Src/stm32f4xx_hal_i2s.o
 *fill*         0x0000000008004952        0x2 
 .text.HAL_I2SEx_FullDuplex_IRQHandler
                0x0000000008004954      0x2a8 Drivers/STM32F4xx_HAL_Driver/Src/stm32f4xx_hal_i2s_ex.o
                0x0000000008004954                HAL_I2SEx_FullDuplex_IRQHandler
 .text.HAL_I2SEx_TxRxCpltCallback
                0x0000000008004bfc       0x14 Drivers/STM32F4xx_HAL_Driver/Src/stm32f4xx_hal_i2s_ex.o
                0x0000000008004bfc                HAL_I2SEx_TxRxCpltCallback
 .text.I2SEx_TxISR_I2S
                0x0000000008004c10       0x62 Drivers/STM32F4xx_HAL_Driver/Src/stm32f4xx_hal_i2s_ex.o
 *fill*         0x0000000008004c72        0x2 
 .text.I2SEx_TxISR_I2SExt
                0x0000000008004c74       0x98 Drivers/STM32F4xx_HAL_Driver/Src/stm32f4xx_hal_i2s_ex.o
 .text.I2SEx_RxISR_I2S
                0x0000000008004d0c       0x64 Drivers/STM32F4xx_HAL_Driver/Src/stm32f4xx_hal_i2s_ex.o
 .text.I2SEx_RxISR_I2SExt
                0x0000000008004d70       0x98 Drivers/STM32F4xx_HAL_Driver/Src/stm32f4xx_hal_i2s_ex.o
 .text.HAL_PCD_Init
                0x0000000008004e08      0x23a Drivers/STM32F4xx_HAL_Driver/Src/stm32f4xx_hal_pcd.o
                0x0000000008004e08                HAL_PCD_Init
 .text.HAL_PCD_Start
                0x0000000008005042       0x66 Drivers/STM32F4xx_HAL_Driver/Src/stm32f4xx_hal_pcd.o
                0x0000000008005042                HAL_PCD_Start
 .text.HAL_PCD_IRQHandler
                0x00000000080050a8      0x764 Drivers/STM32F4xx_HAL_Driver/Src/stm32f4xx_hal_pcd.o
                0x00000000080050a8                HAL_PCD_IRQHandler
 .text.HAL_PCD_SetAddress
                0x000000000800580c       0x4a Drivers/STM32F4xx_HAL_Driver/Src/stm32f4xx_hal_pcd.o
                0x000000000800580c                HAL_PCD_SetAddress
 .text.HAL_PCD_EP_Open
                0x0000000008005856       0xd0 Drivers/STM32F4xx_HAL_Driver/Src/stm32f4xx_hal_pcd.o
                0x0000000008005856                HAL_PCD_EP_Open
 .text.HAL_PCD_EP_Close
                0x0000000008005926       0x94 Drivers/STM32F4xx_HAL_Driver/Src/stm32f4xx_hal_pcd.o
                0x0000000008005926                HAL_PCD_EP_Close
 .text.HAL_PCD_EP_Receive
                0x00000000080059ba       0x96 Drivers/STM32F4xx_HAL_Driver/Src/stm32f4xx_hal_pcd.o
                0x00000000080059ba                HAL_PCD_EP_Receive
 .text.HAL_PCD_EP_GetRxCount
                0x0000000008005a50       0x30 Drivers/STM32F4xx_HAL_Driver/Src/stm32f4xx_hal_pcd.o
                0x0000000008005a50                HAL_PCD_EP_GetRxCount
 .text.HAL_PCD_EP_Transmit
                0x0000000008005a80       0x94 Drivers/STM32F4xx_HAL_Driver/Src/stm32f4xx_hal_pcd.o
                0x0000000008005a80                HAL_PCD_EP_Transmit
 .text.HAL_PCD_EP_SetStall
                0x0000000008005b14       0xc8 Drivers/STM32F4xx_HAL_Driver/Src/stm32f4xx_hal_pcd.o
                0x0000000008005b14                HAL_PCD_EP_SetStall
 .text.HAL_PCD_EP_ClrStall
                0x0000000008005bdc       0xac Drivers/STM32F4xx_HAL_Driver/Src/stm32f4xx_hal_pcd.o
                0x0000000008005bdc                HAL_PCD_EP_ClrStall
 .text.PCD_WriteEmptyTxFifo
                0x0000000008005c88      0x11a Drivers/STM32F4xx_HAL_Driver/Src/stm32f4xx_hal_pcd.o
 *fill*         0x0000000008005da2        0x2 
 .text.PCD_EP_OutXfrComplete_int
                0x0000000008005da4      0x218 Drivers/STM32F4xx_HAL_Driver/Src/stm32f4xx_hal_pcd.o
 .text.PCD_EP_OutSetupPacket_int
                0x0000000008005fbc       0x8c Drivers/STM32F4xx_HAL_Driver/Src/stm32f4xx_hal_pcd.o
 .text.HAL_PCDEx_SetTxFiFo
                0x0000000008006048       0x8e Drivers/STM32F4xx_HAL_Driver/Src/stm32f4xx_hal_pcd_ex.o
                0x0000000008006048                HAL_PCDEx_SetTxFiFo
 .text.HAL_PCDEx_SetRxFiFo
                0x00000000080060d6       0x22 Drivers/STM32F4xx_HAL_Driver/Src/stm32f4xx_hal_pcd_ex.o
                0x00000000080060d6                HAL_PCDEx_SetRxFiFo
 .text.HAL_PCDEx_LPM_Callback
                0x00000000080060f8       0x18 Drivers/STM32F4xx_HAL_Driver/Src/stm32f4xx_hal_pcd_ex.o
                0x00000000080060f8                HAL_PCDEx_LPM_Callback
 .text.HAL_RCC_OscConfig
                0x0000000008006110      0x4e0 Drivers/STM32F4xx_HAL_Driver/Src/stm32f4xx_hal_rcc.o
                0x0000000008006110                HAL_RCC_OscConfig
 .text.HAL_RCC_ClockConfig
                0x00000000080065f0      0x1cc Drivers/STM32F4xx_HAL_Driver/Src/stm32f4xx_hal_rcc.o
                0x00000000080065f0                HAL_RCC_ClockConfig
 .text.HAL_RCC_MCOConfig
                0x00000000080067bc       0xd0 Drivers/STM32F4xx_HAL_Driver/Src/stm32f4xx_hal_rcc.o
                0x00000000080067bc                HAL_RCC_MCOConfig
 .text.HAL_RCC_GetSysClockFreq
                0x000000000800688c      0x1b0 Drivers/STM32F4xx_HAL_Driver/Src/stm32f4xx_hal_rcc.o
                0x000000000800688c                HAL_RCC_GetSysClockFreq
 .text.HAL_RCC_GetHCLKFreq
                0x0000000008006a3c       0x18 Drivers/STM32F4xx_HAL_Driver/Src/stm32f4xx_hal_rcc.o
                0x0000000008006a3c                HAL_RCC_GetHCLKFreq
 .text.HAL_RCC_GetPCLK1Freq
                0x0000000008006a54       0x28 Drivers/STM32F4xx_HAL_Driver/Src/stm32f4xx_hal_rcc.o
                0x0000000008006a54                HAL_RCC_GetPCLK1Freq
 .text.HAL_RCCEx_PeriphCLKConfig
                0x0000000008006a7c      0x1e0 Drivers/STM32F4xx_HAL_Driver/Src/stm32f4xx_hal_rcc_ex.o
                0x0000000008006a7c                HAL_RCCEx_PeriphCLKConfig
 .text.HAL_RCCEx_GetPeriphCLKFreq
                0x0000000008006c5c       0xbc Drivers/STM32F4xx_HAL_Driver/Src/stm32f4xx_hal_rcc_ex.o
                0x0000000008006c5c                HAL_RCCEx_GetPeriphCLKFreq
 .text.HAL_SPI_Init
                0x0000000008006d18       0xc8 Drivers/STM32F4xx_HAL_Driver/Src/stm32f4xx_hal_spi.o
                0x0000000008006d18                HAL_SPI_Init
 .text.HAL_SPI_DeInit
                0x0000000008006de0       0x50 Drivers/STM32F4xx_HAL_Driver/Src/stm32f4xx_hal_spi.o
                0x0000000008006de0                HAL_SPI_DeInit
 .text.HAL_SPI_TransmitReceive
                0x0000000008006e30      0x344 Drivers/STM32F4xx_HAL_Driver/Src/stm32f4xx_hal_spi.o
                0x0000000008006e30                HAL_SPI_TransmitReceive
 .text.HAL_SPI_GetState
                0x0000000008007174       0x1c Drivers/STM32F4xx_HAL_Driver/Src/stm32f4xx_hal_spi.o
                0x0000000008007174                HAL_SPI_GetState
 .text.SPI_WaitFlagStateUntilTimeout
                0x0000000008007190       0xd4 Drivers/STM32F4xx_HAL_Driver/Src/stm32f4xx_hal_spi.o
 .text.SPI_EndRxTxTransaction
                0x0000000008007264       0x84 Drivers/STM32F4xx_HAL_Driver/Src/stm32f4xx_hal_spi.o
 .text.USB_CoreInit
                0x00000000080072e8       0xc2 Drivers/STM32F4xx_HAL_Driver/Src/stm32f4xx_ll_usb.o
                0x00000000080072e8                USB_CoreInit
 *fill*         0x00000000080073aa        0x2 
 .text.USB_SetTurnaroundTime
                0x00000000080073ac      0x144 Drivers/STM32F4xx_HAL_Driver/Src/stm32f4xx_ll_usb.o
                0x00000000080073ac                USB_SetTurnaroundTime
 .text.USB_EnableGlobalInt
                0x00000000080074f0       0x22 Drivers/STM32F4xx_HAL_Driver/Src/stm32f4xx_ll_usb.o
                0x00000000080074f0                USB_EnableGlobalInt
 .text.USB_DisableGlobalInt
                0x0000000008007512       0x22 Drivers/STM32F4xx_HAL_Driver/Src/stm32f4xx_ll_usb.o
                0x0000000008007512                USB_DisableGlobalInt
 .text.USB_SetCurrentMode
                0x0000000008007534       0x54 Drivers/STM32F4xx_HAL_Driver/Src/stm32f4xx_ll_usb.o
                0x0000000008007534                USB_SetCurrentMode
 .text.USB_DevInit
                0x0000000008007588      0x2c8 Drivers/STM32F4xx_HAL_Driver/Src/stm32f4xx_ll_usb.o
                0x0000000008007588                USB_DevInit
 .text.USB_FlushTxFifo
                0x0000000008007850       0x4c Drivers/STM32F4xx_HAL_Driver/Src/stm32f4xx_ll_usb.o
                0x0000000008007850                USB_FlushTxFifo
 .text.USB_FlushRxFifo
                0x000000000800789c       0x44 Drivers/STM32F4xx_HAL_Driver/Src/stm32f4xx_ll_usb.o
                0x000000000800789c                USB_FlushRxFifo
 .text.USB_SetDevSpeed
                0x00000000080078e0       0x32 Drivers/STM32F4xx_HAL_Driver/Src/stm32f4xx_ll_usb.o
                0x00000000080078e0                USB_SetDevSpeed
 .text.USB_GetDevSpeed
                0x0000000008007912       0x4a Drivers/STM32F4xx_HAL_Driver/Src/stm32f4xx_ll_usb.o
                0x0000000008007912                USB_GetDevSpeed
 .text.USB_ActivateEndpoint
                0x000000000800795c      0x10e Drivers/STM32F4xx_HAL_Driver/Src/stm32f4xx_ll_usb.o
                0x000000000800795c                USB_ActivateEndpoint
 *fill*         0x0000000008007a6a        0x2 
 .text.USB_DeactivateEndpoint
                0x0000000008007a6c      0x1b8 Drivers/STM32F4xx_HAL_Driver/Src/stm32f4xx_ll_usb.o
                0x0000000008007a6c                USB_DeactivateEndpoint
 .text.USB_EPStartXfer
                0x0000000008007c24      0x488 Drivers/STM32F4xx_HAL_Driver/Src/stm32f4xx_ll_usb.o
                0x0000000008007c24                USB_EPStartXfer
 .text.USB_EP0StartXfer
                0x00000000080080ac      0x2a6 Drivers/STM32F4xx_HAL_Driver/Src/stm32f4xx_ll_usb.o
                0x00000000080080ac                USB_EP0StartXfer
 .text.USB_WritePacket
                0x0000000008008352       0x6a Drivers/STM32F4xx_HAL_Driver/Src/stm32f4xx_ll_usb.o
                0x0000000008008352                USB_WritePacket
 .text.USB_ReadPacket
                0x00000000080083bc       0x52 Drivers/STM32F4xx_HAL_Driver/Src/stm32f4xx_ll_usb.o
                0x00000000080083bc                USB_ReadPacket
 .text.USB_EPSetStall
                0x000000000800840e       0xdc Drivers/STM32F4xx_HAL_Driver/Src/stm32f4xx_ll_usb.o
                0x000000000800840e                USB_EPSetStall
 .text.USB_EPClearStall
                0x00000000080084ea       0xcc Drivers/STM32F4xx_HAL_Driver/Src/stm32f4xx_ll_usb.o
                0x00000000080084ea                USB_EPClearStall
 .text.USB_SetDevAddress
                0x00000000080085b6       0x4c Drivers/STM32F4xx_HAL_Driver/Src/stm32f4xx_ll_usb.o
                0x00000000080085b6                USB_SetDevAddress
 .text.USB_DevConnect
                0x0000000008008602       0x42 Drivers/STM32F4xx_HAL_Driver/Src/stm32f4xx_ll_usb.o
                0x0000000008008602                USB_DevConnect
 .text.USB_DevDisconnect
                0x0000000008008644       0x42 Drivers/STM32F4xx_HAL_Driver/Src/stm32f4xx_ll_usb.o
                0x0000000008008644                USB_DevDisconnect
 .text.USB_ReadInterrupts
                0x0000000008008686       0x26 Drivers/STM32F4xx_HAL_Driver/Src/stm32f4xx_ll_usb.o
                0x0000000008008686                USB_ReadInterrupts
 .text.USB_ReadDevAllOutEpInterrupt
                0x00000000080086ac       0x34 Drivers/STM32F4xx_HAL_Driver/Src/stm32f4xx_ll_usb.o
                0x00000000080086ac                USB_ReadDevAllOutEpInterrupt
 .text.USB_ReadDevAllInEpInterrupt
                0x00000000080086e0       0x34 Drivers/STM32F4xx_HAL_Driver/Src/stm32f4xx_ll_usb.o
                0x00000000080086e0                USB_ReadDevAllInEpInterrupt
 .text.USB_ReadDevOutEPInterrupt
                0x0000000008008714       0x3c Drivers/STM32F4xx_HAL_Driver/Src/stm32f4xx_ll_usb.o
                0x0000000008008714                USB_ReadDevOutEPInterrupt
 .text.USB_ReadDevInEPInterrupt
                0x0000000008008750       0x5c Drivers/STM32F4xx_HAL_Driver/Src/stm32f4xx_ll_usb.o
                0x0000000008008750                USB_ReadDevInEPInterrupt
 .text.USB_GetMode
                0x00000000080087ac       0x1c Drivers/STM32F4xx_HAL_Driver/Src/stm32f4xx_ll_usb.o
                0x00000000080087ac                USB_GetMode
 .text.USB_ActivateSetup
                0x00000000080087c8       0x46 Drivers/STM32F4xx_HAL_Driver/Src/stm32f4xx_ll_usb.o
                0x00000000080087c8                USB_ActivateSetup
 *fill*         0x000000000800880e        0x2 
 .text.USB_EP0_OutStart
                0x0000000008008810       0xbc Drivers/STM32F4xx_HAL_Driver/Src/stm32f4xx_ll_usb.o
                0x0000000008008810                USB_EP0_OutStart
 .text.USB_CoreReset
                0x00000000080088cc       0x68 Drivers/STM32F4xx_HAL_Driver/Src/stm32f4xx_ll_usb.o
 .text.USBD_CDC_Init
                0x0000000008008934      0x100 Middlewares/ST/STM32_USB_Device_Library/Class/CDC/Src/usbd_cdc.o
 .text.USBD_CDC_DeInit
                0x0000000008008a34       0x78 Middlewares/ST/STM32_USB_Device_Library/Class/CDC/Src/usbd_cdc.o
 .text.USBD_CDC_Setup
                0x0000000008008aac      0x178 Middlewares/ST/STM32_USB_Device_Library/Class/CDC/Src/usbd_cdc.o
 .text.USBD_CDC_DataIn
                0x0000000008008c24       0xbe Middlewares/ST/STM32_USB_Device_Library/Class/CDC/Src/usbd_cdc.o
 .text.USBD_CDC_DataOut
                0x0000000008008ce2       0x56 Middlewares/ST/STM32_USB_Device_Library/Class/CDC/Src/usbd_cdc.o
 .text.USBD_CDC_EP0_RxReady
                0x0000000008008d38       0x50 Middlewares/ST/STM32_USB_Device_Library/Class/CDC/Src/usbd_cdc.o
 .text.USBD_CDC_GetFSCfgDesc
                0x0000000008008d88       0x20 Middlewares/ST/STM32_USB_Device_Library/Class/CDC/Src/usbd_cdc.o
 .text.USBD_CDC_GetHSCfgDesc
                0x0000000008008da8       0x20 Middlewares/ST/STM32_USB_Device_Library/Class/CDC/Src/usbd_cdc.o
 .text.USBD_CDC_GetOtherSpeedCfgDesc
                0x0000000008008dc8       0x20 Middlewares/ST/STM32_USB_Device_Library/Class/CDC/Src/usbd_cdc.o
 .text.USBD_CDC_GetDeviceQualifierDescriptor
                0x0000000008008de8       0x20 Middlewares/ST/STM32_USB_Device_Library/Class/CDC/Src/usbd_cdc.o
                0x0000000008008de8                USBD_CDC_GetDeviceQualifierDescriptor
 .text.USBD_CDC_RegisterInterface
                0x0000000008008e08       0x2a Middlewares/ST/STM32_USB_Device_Library/Class/CDC/Src/usbd_cdc.o
                0x0000000008008e08                USBD_CDC_RegisterInterface
 .text.USBD_CDC_SetTxBuffer
                0x0000000008008e32       0x32 Middlewares/ST/STM32_USB_Device_Library/Class/CDC/Src/usbd_cdc.o
                0x0000000008008e32                USBD_CDC_SetTxBuffer
 .text.USBD_CDC_SetRxBuffer
                0x0000000008008e64       0x28 Middlewares/ST/STM32_USB_Device_Library/Class/CDC/Src/usbd_cdc.o
                0x0000000008008e64                USBD_CDC_SetRxBuffer
 .text.USBD_CDC_TransmitPacket
                0x0000000008008e8c       0x60 Middlewares/ST/STM32_USB_Device_Library/Class/CDC/Src/usbd_cdc.o
                0x0000000008008e8c                USBD_CDC_TransmitPacket
 .text.USBD_CDC_ReceivePacket
                0x0000000008008eec       0x54 Middlewares/ST/STM32_USB_Device_Library/Class/CDC/Src/usbd_cdc.o
                0x0000000008008eec                USBD_CDC_ReceivePacket
 .text.USBD_Init
                0x0000000008008f40       0x6c Middlewares/ST/STM32_USB_Device_Library/Core/Src/usbd_core.o
                0x0000000008008f40                USBD_Init
 .text.USBD_RegisterClass
                0x0000000008008fac       0x42 Middlewares/ST/STM32_USB_Device_Library/Core/Src/usbd_core.o
                0x0000000008008fac                USBD_RegisterClass
 .text.USBD_Start
                0x0000000008008fee       0x18 Middlewares/ST/STM32_USB_Device_Library/Core/Src/usbd_core.o
                0x0000000008008fee                USBD_Start
 .text.USBD_RunTestMode
                0x0000000008009006       0x16 Middlewares/ST/STM32_USB_Device_Library/Core/Src/usbd_core.o
                0x0000000008009006                USBD_RunTestMode
 .text.USBD_SetClassConfig
                0x000000000800901c       0x38 Middlewares/ST/STM32_USB_Device_Library/Core/Src/usbd_core.o
                0x000000000800901c                USBD_SetClassConfig
 .text.USBD_ClrClassConfig
                0x0000000008009054       0x30 Middlewares/ST/STM32_USB_Device_Library/Core/Src/usbd_core.o
                0x0000000008009054                USBD_ClrClassConfig
 .text.USBD_LL_SetupStage
                0x0000000008009084       0xa6 Middlewares/ST/STM32_USB_Device_Library/Core/Src/usbd_core.o
                0x0000000008009084                USBD_LL_SetupStage
 .text.USBD_LL_DataOutStage
                0x000000000800912a       0xc6 Middlewares/ST/STM32_USB_Device_Library/Core/Src/usbd_core.o
                0x000000000800912a                USBD_LL_DataOutStage
 .text.USBD_LL_DataInStage
                0x00000000080091f0      0x12c Middlewares/ST/STM32_USB_Device_Library/Core/Src/usbd_core.o
                0x00000000080091f0                USBD_LL_DataInStage
 .text.USBD_LL_Reset
                0x000000000800931c       0x82 Middlewares/ST/STM32_USB_Device_Library/Core/Src/usbd_core.o
                0x000000000800931c                USBD_LL_Reset
 .text.USBD_LL_SetSpeed
                0x000000000800939e       0x20 Middlewares/ST/STM32_USB_Device_Library/Core/Src/usbd_core.o
                0x000000000800939e                USBD_LL_SetSpeed
 .text.USBD_LL_Suspend
                0x00000000080093be       0x2a Middlewares/ST/STM32_USB_Device_Library/Core/Src/usbd_core.o
                0x00000000080093be                USBD_LL_Suspend
 .text.USBD_LL_Resume
                0x00000000080093e8       0x2c Middlewares/ST/STM32_USB_Device_Library/Core/Src/usbd_core.o
                0x00000000080093e8                USBD_LL_Resume
 .text.USBD_LL_SOF
                0x0000000008009414       0x34 Middlewares/ST/STM32_USB_Device_Library/Core/Src/usbd_core.o
                0x0000000008009414                USBD_LL_SOF
 .text.USBD_LL_IsoINIncomplete
                0x0000000008009448       0x1a Middlewares/ST/STM32_USB_Device_Library/Core/Src/usbd_core.o
                0x0000000008009448                USBD_LL_IsoINIncomplete
 .text.USBD_LL_IsoOUTIncomplete
                0x0000000008009462       0x1a Middlewares/ST/STM32_USB_Device_Library/Core/Src/usbd_core.o
                0x0000000008009462                USBD_LL_IsoOUTIncomplete
 .text.USBD_LL_DevConnected
                0x000000000800947c       0x16 Middlewares/ST/STM32_USB_Device_Library/Core/Src/usbd_core.o
                0x000000000800947c                USBD_LL_DevConnected
 .text.USBD_LL_DevDisconnected
                0x0000000008009492       0x38 Middlewares/ST/STM32_USB_Device_Library/Core/Src/usbd_core.o
                0x0000000008009492                USBD_LL_DevDisconnected
 .text.SWAPBYTE
                0x00000000080094ca       0x3c Middlewares/ST/STM32_USB_Device_Library/Core/Src/usbd_ctlreq.o
 *fill*         0x0000000008009506        0x2 
 .text.USBD_StdDevReq
                0x0000000008009508       0xdc Middlewares/ST/STM32_USB_Device_Library/Core/Src/usbd_ctlreq.o
                0x0000000008009508                USBD_StdDevReq
 .text.USBD_StdItfReq
                0x00000000080095e4       0x8c Middlewares/ST/STM32_USB_Device_Library/Core/Src/usbd_ctlreq.o
                0x00000000080095e4                USBD_StdItfReq
 .text.USBD_StdEPReq
                0x0000000008009670      0x2aa Middlewares/ST/STM32_USB_Device_Library/Core/Src/usbd_ctlreq.o
                0x0000000008009670                USBD_StdEPReq
 *fill*         0x000000000800991a        0x2 
 .text.USBD_GetDescriptor
                0x000000000800991c      0x2d4 Middlewares/ST/STM32_USB_Device_Library/Core/Src/usbd_ctlreq.o
 .text.USBD_SetAddress
                0x0000000008009bf0       0x84 Middlewares/ST/STM32_USB_Device_Library/Core/Src/usbd_ctlreq.o
 .text.USBD_SetConfig
                0x0000000008009c74      0x148 Middlewares/ST/STM32_USB_Device_Library/Core/Src/usbd_ctlreq.o
 .text.USBD_GetConfig
                0x0000000008009dbc       0x68 Middlewares/ST/STM32_USB_Device_Library/Core/Src/usbd_ctlreq.o
 .text.USBD_GetStatus
                0x0000000008009e24       0x66 Middlewares/ST/STM32_USB_Device_Library/Core/Src/usbd_ctlreq.o
 .text.USBD_SetFeature
                0x0000000008009e8a       0x28 Middlewares/ST/STM32_USB_Device_Library/Core/Src/usbd_ctlreq.o
 .text.USBD_ClrFeature
                0x0000000008009eb2       0x42 Middlewares/ST/STM32_USB_Device_Library/Core/Src/usbd_ctlreq.o
 .text.USBD_ParseSetupRequest
                0x0000000008009ef4       0x74 Middlewares/ST/STM32_USB_Device_Library/Core/Src/usbd_ctlreq.o
                0x0000000008009ef4                USBD_ParseSetupRequest
 .text.USBD_CtlError
                0x0000000008009f68       0x22 Middlewares/ST/STM32_USB_Device_Library/Core/Src/usbd_ctlreq.o
                0x0000000008009f68                USBD_CtlError
 .text.USBD_GetString
                0x0000000008009f8a       0x8c Middlewares/ST/STM32_USB_Device_Library/Core/Src/usbd_ctlreq.o
                0x0000000008009f8a                USBD_GetString
 .text.USBD_GetLen
                0x000000000800a016       0x34 Middlewares/ST/STM32_USB_Device_Library/Core/Src/usbd_ctlreq.o
 .text.USBD_CtlSendData
                0x000000000800a04a       0x36 Middlewares/ST/STM32_USB_Device_Library/Core/Src/usbd_ioreq.o
                0x000000000800a04a                USBD_CtlSendData
 .text.USBD_CtlContinueSendData
                0x000000000800a080       0x22 Middlewares/ST/STM32_USB_Device_Library/Core/Src/usbd_ioreq.o
                0x000000000800a080                USBD_CtlContinueSendData
 .text.USBD_CtlPrepareRx
                0x000000000800a0a2       0x3a Middlewares/ST/STM32_USB_Device_Library/Core/Src/usbd_ioreq.o
                0x000000000800a0a2                USBD_CtlPrepareRx
 .text.USBD_CtlContinueRx
                0x000000000800a0dc       0x22 Middlewares/ST/STM32_USB_Device_Library/Core/Src/usbd_ioreq.o
                0x000000000800a0dc                USBD_CtlContinueRx
 .text.USBD_CtlSendStatus
                0x000000000800a0fe       0x26 Middlewares/ST/STM32_USB_Device_Library/Core/Src/usbd_ioreq.o
                0x000000000800a0fe                USBD_CtlSendStatus
 .text.USBD_CtlReceiveStatus
                0x000000000800a124       0x26 Middlewares/ST/STM32_USB_Device_Library/Core/Src/usbd_ioreq.o
                0x000000000800a124                USBD_CtlReceiveStatus
 *fill*         0x000000000800a14a        0x2 
 .text.MX_USB_DEVICE_Init
                0x000000000800a14c       0x60 USB_DEVICE/App/usb_device.o
                0x000000000800a14c                MX_USB_DEVICE_Init
 .text.CDC_Init_FS
                0x000000000800a1ac       0x28 USB_DEVICE/App/usbd_cdc_if.o
 .text.CDC_DeInit_FS
                0x000000000800a1d4       0x10 USB_DEVICE/App/usbd_cdc_if.o
 .text.CDC_Control_FS
                0x000000000800a1e4       0xbc USB_DEVICE/App/usbd_cdc_if.o
 .text.CDC_Receive_FS
                0x000000000800a2a0       0x28 USB_DEVICE/App/usbd_cdc_if.o
 .text.CDC_Transmit_FS
                0x000000000800a2c8       0x4c USB_DEVICE/App/usbd_cdc_if.o
                0x000000000800a2c8                CDC_Transmit_FS
 .text.CDC_TransmitCplt_FS
                0x000000000800a314       0x22 USB_DEVICE/App/usbd_cdc_if.o
 *fill*         0x000000000800a336        0x2 
 .text.USBD_FS_DeviceDescriptor
                0x000000000800a338       0x24 USB_DEVICE/App/usbd_desc.o
                0x000000000800a338                USBD_FS_DeviceDescriptor
 .text.USBD_FS_LangIDStrDescriptor
                0x000000000800a35c       0x24 USB_DEVICE/App/usbd_desc.o
                0x000000000800a35c                USBD_FS_LangIDStrDescriptor
 .text.USBD_FS_ProductStrDescriptor
                0x000000000800a380       0x3c USB_DEVICE/App/usbd_desc.o
                0x000000000800a380                USBD_FS_ProductStrDescriptor
 .text.USBD_FS_ManufacturerStrDescriptor
                0x000000000800a3bc       0x28 USB_DEVICE/App/usbd_desc.o
                0x000000000800a3bc                USBD_FS_ManufacturerStrDescriptor
 .text.USBD_FS_SerialStrDescriptor
                0x000000000800a3e4       0x24 USB_DEVICE/App/usbd_desc.o
                0x000000000800a3e4                USBD_FS_SerialStrDescriptor
 .text.USBD_FS_ConfigStrDescriptor
                0x000000000800a408       0x3c USB_DEVICE/App/usbd_desc.o
                0x000000000800a408                USBD_FS_ConfigStrDescriptor
 .text.USBD_FS_InterfaceStrDescriptor
                0x000000000800a444       0x3c USB_DEVICE/App/usbd_desc.o
                0x000000000800a444                USBD_FS_InterfaceStrDescriptor
 .text.Get_SerialNum
                0x000000000800a480       0x58 USB_DEVICE/App/usbd_desc.o
 .text.IntToUnicode
                0x000000000800a4d8       0x7c USB_DEVICE/App/usbd_desc.o
 .text.HAL_PCD_MspInit
                0x000000000800a554       0xc4 USB_DEVICE/Target/usbd_conf.o
                0x000000000800a554                HAL_PCD_MspInit
 .text.HAL_PCD_SetupStageCallback
                0x000000000800a618       0x24 USB_DEVICE/Target/usbd_conf.o
                0x000000000800a618                HAL_PCD_SetupStageCallback
 .text.HAL_PCD_DataOutStageCallback
                0x000000000800a63c       0x36 USB_DEVICE/Target/usbd_conf.o
                0x000000000800a63c                HAL_PCD_DataOutStageCallback
 .text.HAL_PCD_DataInStageCallback
                0x000000000800a672       0x34 USB_DEVICE/Target/usbd_conf.o
                0x000000000800a672                HAL_PCD_DataInStageCallback
 .text.HAL_PCD_SOFCallback
                0x000000000800a6a6       0x1c USB_DEVICE/Target/usbd_conf.o
                0x000000000800a6a6                HAL_PCD_SOFCallback
 .text.HAL_PCD_ResetCallback
                0x000000000800a6c2       0x3c USB_DEVICE/Target/usbd_conf.o
                0x000000000800a6c2                HAL_PCD_ResetCallback
 *fill*         0x000000000800a6fe        0x2 
 .text.HAL_PCD_SuspendCallback
                0x000000000800a700       0x4c USB_DEVICE/Target/usbd_conf.o
                0x000000000800a700                HAL_PCD_SuspendCallback
 .text.HAL_PCD_ResumeCallback
                0x000000000800a74c       0x1c USB_DEVICE/Target/usbd_conf.o
                0x000000000800a74c                HAL_PCD_ResumeCallback
 .text.HAL_PCD_ISOOUTIncompleteCallback
                0x000000000800a768       0x24 USB_DEVICE/Target/usbd_conf.o
                0x000000000800a768                HAL_PCD_ISOOUTIncompleteCallback
 .text.HAL_PCD_ISOINIncompleteCallback
                0x000000000800a78c       0x24 USB_DEVICE/Target/usbd_conf.o
                0x000000000800a78c                HAL_PCD_ISOINIncompleteCallback
 .text.HAL_PCD_ConnectCallback
                0x000000000800a7b0       0x1c USB_DEVICE/Target/usbd_conf.o
                0x000000000800a7b0                HAL_PCD_ConnectCallback
 .text.HAL_PCD_DisconnectCallback
                0x000000000800a7cc       0x1c USB_DEVICE/Target/usbd_conf.o
                0x000000000800a7cc                HAL_PCD_DisconnectCallback
 .text.USBD_LL_Init
                0x000000000800a7e8       0x98 USB_DEVICE/Target/usbd_conf.o
                0x000000000800a7e8                USBD_LL_Init
 .text.USBD_LL_Start
                0x000000000800a880       0x36 USB_DEVICE/Target/usbd_conf.o
                0x000000000800a880                USBD_LL_Start
 .text.USBD_LL_OpenEP
                0x000000000800a8b6       0x4c USB_DEVICE/Target/usbd_conf.o
                0x000000000800a8b6                USBD_LL_OpenEP
 .text.USBD_LL_CloseEP
                0x000000000800a902       0x3e USB_DEVICE/Target/usbd_conf.o
                0x000000000800a902                USBD_LL_CloseEP
 .text.USBD_LL_StallEP
                0x000000000800a940       0x3e USB_DEVICE/Target/usbd_conf.o
                0x000000000800a940                USBD_LL_StallEP
 .text.USBD_LL_ClearStallEP
                0x000000000800a97e       0x3e USB_DEVICE/Target/usbd_conf.o
                0x000000000800a97e                USBD_LL_ClearStallEP
 .text.USBD_LL_IsStallEP
                0x000000000800a9bc       0x58 USB_DEVICE/Target/usbd_conf.o
                0x000000000800a9bc                USBD_LL_IsStallEP
 .text.USBD_LL_SetUSBAddress
                0x000000000800aa14       0x3e USB_DEVICE/Target/usbd_conf.o
                0x000000000800aa14                USBD_LL_SetUSBAddress
 .text.USBD_LL_Transmit
                0x000000000800aa52       0x42 USB_DEVICE/Target/usbd_conf.o
                0x000000000800aa52                USBD_LL_Transmit
 .text.USBD_LL_PrepareReceive
                0x000000000800aa94       0x42 USB_DEVICE/Target/usbd_conf.o
                0x000000000800aa94                USBD_LL_PrepareReceive
 .text.USBD_LL_GetRxDataSize
                0x000000000800aad6       0x26 USB_DEVICE/Target/usbd_conf.o
                0x000000000800aad6                USBD_LL_GetRxDataSize
 .text.USBD_Get_USB_Status
                0x000000000800aafc       0x58 USB_DEVICE/Target/usbd_conf.o
                0x000000000800aafc                USBD_Get_USB_Status
 .text.__errno  0x000000000800ab54        0xc d:/da/soft/stm32cubeide_1.4.0/stm32cubeide/plugins/com.st.stm32cube.ide.mcu.externaltools.gnu-tools-for-stm32.7-2018-q2-update.win32_1.4.0.202007081208/tools/bin/../lib/gcc/arm-none-eabi/7.3.1/../../../../arm-none-eabi/lib/thumb/v7e-m/fpv4-sp/hard\libc_nano.a(lib_a-errno.o)
                0x000000000800ab54                __errno
 .text.__libc_init_array
                0x000000000800ab60       0x48 d:/da/soft/stm32cubeide_1.4.0/stm32cubeide/plugins/com.st.stm32cube.ide.mcu.externaltools.gnu-tools-for-stm32.7-2018-q2-update.win32_1.4.0.202007081208/tools/bin/../lib/gcc/arm-none-eabi/7.3.1/../../../../arm-none-eabi/lib/thumb/v7e-m/fpv4-sp/hard\libc_nano.a(lib_a-init.o)
                0x000000000800ab60                __libc_init_array
 .text.malloc   0x000000000800aba8       0x10 d:/da/soft/stm32cubeide_1.4.0/stm32cubeide/plugins/com.st.stm32cube.ide.mcu.externaltools.gnu-tools-for-stm32.7-2018-q2-update.win32_1.4.0.202007081208/tools/bin/../lib/gcc/arm-none-eabi/7.3.1/../../../../arm-none-eabi/lib/thumb/v7e-m/fpv4-sp/hard\libc_nano.a(lib_a-malloc.o)
                0x000000000800aba8                malloc
 .text.free     0x000000000800abb8       0x10 d:/da/soft/stm32cubeide_1.4.0/stm32cubeide/plugins/com.st.stm32cube.ide.mcu.externaltools.gnu-tools-for-stm32.7-2018-q2-update.win32_1.4.0.202007081208/tools/bin/../lib/gcc/arm-none-eabi/7.3.1/../../../../arm-none-eabi/lib/thumb/v7e-m/fpv4-sp/hard\libc_nano.a(lib_a-malloc.o)
                0x000000000800abb8                free
 .text.memset   0x000000000800abc8       0x10 d:/da/soft/stm32cubeide_1.4.0/stm32cubeide/plugins/com.st.stm32cube.ide.mcu.externaltools.gnu-tools-for-stm32.7-2018-q2-update.win32_1.4.0.202007081208/tools/bin/../lib/gcc/arm-none-eabi/7.3.1/../../../../arm-none-eabi/lib/thumb/v7e-m/fpv4-sp/hard\libc_nano.a(lib_a-memset.o)
                0x000000000800abc8                memset
 .text._free_r  0x000000000800abd8       0x9c d:/da/soft/stm32cubeide_1.4.0/stm32cubeide/plugins/com.st.stm32cube.ide.mcu.externaltools.gnu-tools-for-stm32.7-2018-q2-update.win32_1.4.0.202007081208/tools/bin/../lib/gcc/arm-none-eabi/7.3.1/../../../../arm-none-eabi/lib/thumb/v7e-m/fpv4-sp/hard\libc_nano.a(lib_a-nano-freer.o)
                0x000000000800abd8                _free_r
 .text._malloc_r
                0x000000000800ac74       0xb4 d:/da/soft/stm32cubeide_1.4.0/stm32cubeide/plugins/com.st.stm32cube.ide.mcu.externaltools.gnu-tools-for-stm32.7-2018-q2-update.win32_1.4.0.202007081208/tools/bin/../lib/gcc/arm-none-eabi/7.3.1/../../../../arm-none-eabi/lib/thumb/v7e-m/fpv4-sp/hard\libc_nano.a(lib_a-nano-mallocr.o)
                0x000000000800ac74                _malloc_r
 .text.__cvt    0x000000000800ad28       0xc2 d:/da/soft/stm32cubeide_1.4.0/stm32cubeide/plugins/com.st.stm32cube.ide.mcu.externaltools.gnu-tools-for-stm32.7-2018-q2-update.win32_1.4.0.202007081208/tools/bin/../lib/gcc/arm-none-eabi/7.3.1/../../../../arm-none-eabi/lib/thumb/v7e-m/fpv4-sp/hard\libc_nano.a(lib_a-nano-vfprintf_float.o)
                0x000000000800ad28                __cvt
 .text.__exponent
                0x000000000800adea       0x66 d:/da/soft/stm32cubeide_1.4.0/stm32cubeide/plugins/com.st.stm32cube.ide.mcu.externaltools.gnu-tools-for-stm32.7-2018-q2-update.win32_1.4.0.202007081208/tools/bin/../lib/gcc/arm-none-eabi/7.3.1/../../../../arm-none-eabi/lib/thumb/v7e-m/fpv4-sp/hard\libc_nano.a(lib_a-nano-vfprintf_float.o)
                0x000000000800adea                __exponent
 .text._printf_float
                0x000000000800ae50      0x480 d:/da/soft/stm32cubeide_1.4.0/stm32cubeide/plugins/com.st.stm32cube.ide.mcu.externaltools.gnu-tools-for-stm32.7-2018-q2-update.win32_1.4.0.202007081208/tools/bin/../lib/gcc/arm-none-eabi/7.3.1/../../../../arm-none-eabi/lib/thumb/v7e-m/fpv4-sp/hard\libc_nano.a(lib_a-nano-vfprintf_float.o)
                0x000000000800ae50                _printf_float
 .text._printf_common
                0x000000000800b2d0       0xea d:/da/soft/stm32cubeide_1.4.0/stm32cubeide/plugins/com.st.stm32cube.ide.mcu.externaltools.gnu-tools-for-stm32.7-2018-q2-update.win32_1.4.0.202007081208/tools/bin/../lib/gcc/arm-none-eabi/7.3.1/../../../../arm-none-eabi/lib/thumb/v7e-m/fpv4-sp/hard\libc_nano.a(lib_a-nano-vfprintf_i.o)
                0x000000000800b2d0                _printf_common
 *fill*         0x000000000800b3ba        0x2 
 .text._printf_i
                0x000000000800b3bc      0x224 d:/da/soft/stm32cubeide_1.4.0/stm32cubeide/plugins/com.st.stm32cube.ide.mcu.externaltools.gnu-tools-for-stm32.7-2018-q2-update.win32_1.4.0.202007081208/tools/bin/../lib/gcc/arm-none-eabi/7.3.1/../../../../arm-none-eabi/lib/thumb/v7e-m/fpv4-sp/hard\libc_nano.a(lib_a-nano-vfprintf_i.o)
                0x000000000800b3bc                _printf_i
 .text._scanf_float
                0x000000000800b5e0      0x3c4 d:/da/soft/stm32cubeide_1.4.0/stm32cubeide/plugins/com.st.stm32cube.ide.mcu.externaltools.gnu-tools-for-stm32.7-2018-q2-update.win32_1.4.0.202007081208/tools/bin/../lib/gcc/arm-none-eabi/7.3.1/../../../../arm-none-eabi/lib/thumb/v7e-m/fpv4-sp/hard\libc_nano.a(lib_a-nano-vfscanf_float.o)
                0x000000000800b5e0                _scanf_float
 .text._sbrk_r  0x000000000800b9a4       0x20 d:/da/soft/stm32cubeide_1.4.0/stm32cubeide/plugins/com.st.stm32cube.ide.mcu.externaltools.gnu-tools-for-stm32.7-2018-q2-update.win32_1.4.0.202007081208/tools/bin/../lib/gcc/arm-none-eabi/7.3.1/../../../../arm-none-eabi/lib/thumb/v7e-m/fpv4-sp/hard\libc_nano.a(lib_a-sbrkr.o)
                0x000000000800b9a4                _sbrk_r
 .text.nanf     0x000000000800b9c4        0xc d:/da/soft/stm32cubeide_1.4.0/stm32cubeide/plugins/com.st.stm32cube.ide.mcu.externaltools.gnu-tools-for-stm32.7-2018-q2-update.win32_1.4.0.202007081208/tools/bin/../lib/gcc/arm-none-eabi/7.3.1/../../../../arm-none-eabi/lib/thumb/v7e-m/fpv4-sp/hard\libc_nano.a(lib_a-sf_nan.o)
                0x000000000800b9c4                nanf
 .text.sprintf  0x000000000800b9d0       0x40 d:/da/soft/stm32cubeide_1.4.0/stm32cubeide/plugins/com.st.stm32cube.ide.mcu.externaltools.gnu-tools-for-stm32.7-2018-q2-update.win32_1.4.0.202007081208/tools/bin/../lib/gcc/arm-none-eabi/7.3.1/../../../../arm-none-eabi/lib/thumb/v7e-m/fpv4-sp/hard\libc_nano.a(lib_a-sprintf.o)
                0x000000000800b9d0                siprintf
                0x000000000800b9d0                sprintf
 .text.unlikely.sulp
                0x000000000800ba10       0x38 d:/da/soft/stm32cubeide_1.4.0/stm32cubeide/plugins/com.st.stm32cube.ide.mcu.externaltools.gnu-tools-for-stm32.7-2018-q2-update.win32_1.4.0.202007081208/tools/bin/../lib/gcc/arm-none-eabi/7.3.1/../../../../arm-none-eabi/lib/thumb/v7e-m/fpv4-sp/hard\libc_nano.a(lib_a-strtod.o)
 .text._strtod_l
                0x000000000800ba48      0xbe8 d:/da/soft/stm32cubeide_1.4.0/stm32cubeide/plugins/com.st.stm32cube.ide.mcu.externaltools.gnu-tools-for-stm32.7-2018-q2-update.win32_1.4.0.202007081208/tools/bin/../lib/gcc/arm-none-eabi/7.3.1/../../../../arm-none-eabi/lib/thumb/v7e-m/fpv4-sp/hard\libc_nano.a(lib_a-strtod.o)
                0x000000000800ba48                _strtod_l
 .text._strtod_r
                0x000000000800c630       0x20 d:/da/soft/stm32cubeide_1.4.0/stm32cubeide/plugins/com.st.stm32cube.ide.mcu.externaltools.gnu-tools-for-stm32.7-2018-q2-update.win32_1.4.0.202007081208/tools/bin/../lib/gcc/arm-none-eabi/7.3.1/../../../../arm-none-eabi/lib/thumb/v7e-m/fpv4-sp/hard\libc_nano.a(lib_a-strtod.o)
                0x000000000800c630                _strtod_r
 .text._strtol_l.isra.0
                0x000000000800c650       0xf6 d:/da/soft/stm32cubeide_1.4.0/stm32cubeide/plugins/com.st.stm32cube.ide.mcu.externaltools.gnu-tools-for-stm32.7-2018-q2-update.win32_1.4.0.202007081208/tools/bin/../lib/gcc/arm-none-eabi/7.3.1/../../../../arm-none-eabi/lib/thumb/v7e-m/fpv4-sp/hard\libc_nano.a(lib_a-strtol.o)
 *fill*         0x000000000800c746        0x2 
 .text._strtol_r
                0x000000000800c748       0x24 d:/da/soft/stm32cubeide_1.4.0/stm32cubeide/plugins/com.st.stm32cube.ide.mcu.externaltools.gnu-tools-for-stm32.7-2018-q2-update.win32_1.4.0.202007081208/tools/bin/../lib/gcc/arm-none-eabi/7.3.1/../../../../arm-none-eabi/lib/thumb/v7e-m/fpv4-sp/hard\libc_nano.a(lib_a-strtol.o)
                0x000000000800c748                _strtol_r
 .text.quorem   0x000000000800c76c      0x118 d:/da/soft/stm32cubeide_1.4.0/stm32cubeide/plugins/com.st.stm32cube.ide.mcu.externaltools.gnu-tools-for-stm32.7-2018-q2-update.win32_1.4.0.202007081208/tools/bin/../lib/gcc/arm-none-eabi/7.3.1/../../../../arm-none-eabi/lib/thumb/v7e-m/fpv4-sp/hard\libc_nano.a(lib_a-dtoa.o)
 *fill*         0x000000000800c884        0x4 
 .text._dtoa_r  0x000000000800c888      0xb70 d:/da/soft/stm32cubeide_1.4.0/stm32cubeide/plugins/com.st.stm32cube.ide.mcu.externaltools.gnu-tools-for-stm32.7-2018-q2-update.win32_1.4.0.202007081208/tools/bin/../lib/gcc/arm-none-eabi/7.3.1/../../../../arm-none-eabi/lib/thumb/v7e-m/fpv4-sp/hard\libc_nano.a(lib_a-dtoa.o)
                0x000000000800c888                _dtoa_r
 .text.rshift   0x000000000800d3f8       0x74 d:/da/soft/stm32cubeide_1.4.0/stm32cubeide/plugins/com.st.stm32cube.ide.mcu.externaltools.gnu-tools-for-stm32.7-2018-q2-update.win32_1.4.0.202007081208/tools/bin/../lib/gcc/arm-none-eabi/7.3.1/../../../../arm-none-eabi/lib/thumb/v7e-m/fpv4-sp/hard\libc_nano.a(lib_a-gdtoa-gethex.o)
 .text.__hexdig_fun
                0x000000000800d46c       0x2a d:/da/soft/stm32cubeide_1.4.0/stm32cubeide/plugins/com.st.stm32cube.ide.mcu.externaltools.gnu-tools-for-stm32.7-2018-q2-update.win32_1.4.0.202007081208/tools/bin/../lib/gcc/arm-none-eabi/7.3.1/../../../../arm-none-eabi/lib/thumb/v7e-m/fpv4-sp/hard\libc_nano.a(lib_a-gdtoa-gethex.o)
                0x000000000800d46c                __hexdig_fun
 .text.__gethex
                0x000000000800d496      0x442 d:/da/soft/stm32cubeide_1.4.0/stm32cubeide/plugins/com.st.stm32cube.ide.mcu.externaltools.gnu-tools-for-stm32.7-2018-q2-update.win32_1.4.0.202007081208/tools/bin/../lib/gcc/arm-none-eabi/7.3.1/../../../../arm-none-eabi/lib/thumb/v7e-m/fpv4-sp/hard\libc_nano.a(lib_a-gdtoa-gethex.o)
                0x000000000800d496                __gethex
 .text.L_shift  0x000000000800d8d8       0x24 d:/da/soft/stm32cubeide_1.4.0/stm32cubeide/plugins/com.st.stm32cube.ide.mcu.externaltools.gnu-tools-for-stm32.7-2018-q2-update.win32_1.4.0.202007081208/tools/bin/../lib/gcc/arm-none-eabi/7.3.1/../../../../arm-none-eabi/lib/thumb/v7e-m/fpv4-sp/hard\libc_nano.a(lib_a-gdtoa-hexnan.o)
 .text.__match  0x000000000800d8fc       0x28 d:/da/soft/stm32cubeide_1.4.0/stm32cubeide/plugins/com.st.stm32cube.ide.mcu.externaltools.gnu-tools-for-stm32.7-2018-q2-update.win32_1.4.0.202007081208/tools/bin/../lib/gcc/arm-none-eabi/7.3.1/../../../../arm-none-eabi/lib/thumb/v7e-m/fpv4-sp/hard\libc_nano.a(lib_a-gdtoa-hexnan.o)
                0x000000000800d8fc                __match
 .text.__hexnan
                0x000000000800d924      0x120 d:/da/soft/stm32cubeide_1.4.0/stm32cubeide/plugins/com.st.stm32cube.ide.mcu.externaltools.gnu-tools-for-stm32.7-2018-q2-update.win32_1.4.0.202007081208/tools/bin/../lib/gcc/arm-none-eabi/7.3.1/../../../../arm-none-eabi/lib/thumb/v7e-m/fpv4-sp/hard\libc_nano.a(lib_a-gdtoa-hexnan.o)
                0x000000000800d924                __hexnan
 .text.__locale_ctype_ptr_l
                0x000000000800da44        0x6 d:/da/soft/stm32cubeide_1.4.0/stm32cubeide/plugins/com.st.stm32cube.ide.mcu.externaltools.gnu-tools-for-stm32.7-2018-q2-update.win32_1.4.0.202007081208/tools/bin/../lib/gcc/arm-none-eabi/7.3.1/../../../../arm-none-eabi/lib/thumb/v7e-m/fpv4-sp/hard\libc_nano.a(lib_a-locale.o)
                0x000000000800da44                __locale_ctype_ptr_l
 .text.__localeconv_l
                0x000000000800da4a        0x4 d:/da/soft/stm32cubeide_1.4.0/stm32cubeide/plugins/com.st.stm32cube.ide.mcu.externaltools.gnu-tools-for-stm32.7-2018-q2-update.win32_1.4.0.202007081208/tools/bin/../lib/gcc/arm-none-eabi/7.3.1/../../../../arm-none-eabi/lib/thumb/v7e-m/fpv4-sp/hard\libc_nano.a(lib_a-localeconv.o)
                0x000000000800da4a                __localeconv_l
 *fill*         0x000000000800da4e        0x2 
 .text._localeconv_r
                0x000000000800da50       0x1c d:/da/soft/stm32cubeide_1.4.0/stm32cubeide/plugins/com.st.stm32cube.ide.mcu.externaltools.gnu-tools-for-stm32.7-2018-q2-update.win32_1.4.0.202007081208/tools/bin/../lib/gcc/arm-none-eabi/7.3.1/../../../../arm-none-eabi/lib/thumb/v7e-m/fpv4-sp/hard\libc_nano.a(lib_a-localeconv.o)
                0x000000000800da50                _localeconv_r
 .text.__ascii_mbtowc
                0x000000000800da6c       0x24 d:/da/soft/stm32cubeide_1.4.0/stm32cubeide/plugins/com.st.stm32cube.ide.mcu.externaltools.gnu-tools-for-stm32.7-2018-q2-update.win32_1.4.0.202007081208/tools/bin/../lib/gcc/arm-none-eabi/7.3.1/../../../../arm-none-eabi/lib/thumb/v7e-m/fpv4-sp/hard\libc_nano.a(lib_a-mbtowc_r.o)
                0x000000000800da6c                __ascii_mbtowc
 .text.memcpy   0x000000000800da90       0x16 d:/da/soft/stm32cubeide_1.4.0/stm32cubeide/plugins/com.st.stm32cube.ide.mcu.externaltools.gnu-tools-for-stm32.7-2018-q2-update.win32_1.4.0.202007081208/tools/bin/../lib/gcc/arm-none-eabi/7.3.1/../../../../arm-none-eabi/lib/thumb/v7e-m/fpv4-sp/hard\libc_nano.a(lib_a-memcpy-stub.o)
                0x000000000800da90                memcpy
 .text.__malloc_lock
                0x000000000800daa6        0x2 d:/da/soft/stm32cubeide_1.4.0/stm32cubeide/plugins/com.st.stm32cube.ide.mcu.externaltools.gnu-tools-for-stm32.7-2018-q2-update.win32_1.4.0.202007081208/tools/bin/../lib/gcc/arm-none-eabi/7.3.1/../../../../arm-none-eabi/lib/thumb/v7e-m/fpv4-sp/hard\libc_nano.a(lib_a-mlock.o)
                0x000000000800daa6                __malloc_lock
 .text.__malloc_unlock
                0x000000000800daa8        0x2 d:/da/soft/stm32cubeide_1.4.0/stm32cubeide/plugins/com.st.stm32cube.ide.mcu.externaltools.gnu-tools-for-stm32.7-2018-q2-update.win32_1.4.0.202007081208/tools/bin/../lib/gcc/arm-none-eabi/7.3.1/../../../../arm-none-eabi/lib/thumb/v7e-m/fpv4-sp/hard\libc_nano.a(lib_a-mlock.o)
                0x000000000800daa8                __malloc_unlock
 .text._Balloc  0x000000000800daaa       0x68 d:/da/soft/stm32cubeide_1.4.0/stm32cubeide/plugins/com.st.stm32cube.ide.mcu.externaltools.gnu-tools-for-stm32.7-2018-q2-update.win32_1.4.0.202007081208/tools/bin/../lib/gcc/arm-none-eabi/7.3.1/../../../../arm-none-eabi/lib/thumb/v7e-m/fpv4-sp/hard\libc_nano.a(lib_a-mprec.o)
                0x000000000800daaa                _Balloc
 .text._Bfree   0x000000000800db12       0x2e d:/da/soft/stm32cubeide_1.4.0/stm32cubeide/plugins/com.st.stm32cube.ide.mcu.externaltools.gnu-tools-for-stm32.7-2018-q2-update.win32_1.4.0.202007081208/tools/bin/../lib/gcc/arm-none-eabi/7.3.1/../../../../arm-none-eabi/lib/thumb/v7e-m/fpv4-sp/hard\libc_nano.a(lib_a-mprec.o)
                0x000000000800db12                _Bfree
 .text.__multadd
                0x000000000800db40       0x76 d:/da/soft/stm32cubeide_1.4.0/stm32cubeide/plugins/com.st.stm32cube.ide.mcu.externaltools.gnu-tools-for-stm32.7-2018-q2-update.win32_1.4.0.202007081208/tools/bin/../lib/gcc/arm-none-eabi/7.3.1/../../../../arm-none-eabi/lib/thumb/v7e-m/fpv4-sp/hard\libc_nano.a(lib_a-mprec.o)
                0x000000000800db40                __multadd
 .text.__s2b    0x000000000800dbb6       0x7c d:/da/soft/stm32cubeide_1.4.0/stm32cubeide/plugins/com.st.stm32cube.ide.mcu.externaltools.gnu-tools-for-stm32.7-2018-q2-update.win32_1.4.0.202007081208/tools/bin/../lib/gcc/arm-none-eabi/7.3.1/../../../../arm-none-eabi/lib/thumb/v7e-m/fpv4-sp/hard\libc_nano.a(lib_a-mprec.o)
                0x000000000800dbb6                __s2b
 .text.__hi0bits
                0x000000000800dc32       0x3e d:/da/soft/stm32cubeide_1.4.0/stm32cubeide/plugins/com.st.stm32cube.ide.mcu.externaltools.gnu-tools-for-stm32.7-2018-q2-update.win32_1.4.0.202007081208/tools/bin/../lib/gcc/arm-none-eabi/7.3.1/../../../../arm-none-eabi/lib/thumb/v7e-m/fpv4-sp/hard\libc_nano.a(lib_a-mprec.o)
                0x000000000800dc32                __hi0bits
 .text.__lo0bits
                0x000000000800dc70       0x5e d:/da/soft/stm32cubeide_1.4.0/stm32cubeide/plugins/com.st.stm32cube.ide.mcu.externaltools.gnu-tools-for-stm32.7-2018-q2-update.win32_1.4.0.202007081208/tools/bin/../lib/gcc/arm-none-eabi/7.3.1/../../../../arm-none-eabi/lib/thumb/v7e-m/fpv4-sp/hard\libc_nano.a(lib_a-mprec.o)
                0x000000000800dc70                __lo0bits
 .text.__i2b    0x000000000800dcce       0x12 d:/da/soft/stm32cubeide_1.4.0/stm32cubeide/plugins/com.st.stm32cube.ide.mcu.externaltools.gnu-tools-for-stm32.7-2018-q2-update.win32_1.4.0.202007081208/tools/bin/../lib/gcc/arm-none-eabi/7.3.1/../../../../arm-none-eabi/lib/thumb/v7e-m/fpv4-sp/hard\libc_nano.a(lib_a-mprec.o)
                0x000000000800dcce                __i2b
 .text.__multiply
                0x000000000800dce0      0x12c d:/da/soft/stm32cubeide_1.4.0/stm32cubeide/plugins/com.st.stm32cube.ide.mcu.externaltools.gnu-tools-for-stm32.7-2018-q2-update.win32_1.4.0.202007081208/tools/bin/../lib/gcc/arm-none-eabi/7.3.1/../../../../arm-none-eabi/lib/thumb/v7e-m/fpv4-sp/hard\libc_nano.a(lib_a-mprec.o)
                0x000000000800dce0                __multiply
 .text.__pow5mult
                0x000000000800de0c       0x9c d:/da/soft/stm32cubeide_1.4.0/stm32cubeide/plugins/com.st.stm32cube.ide.mcu.externaltools.gnu-tools-for-stm32.7-2018-q2-update.win32_1.4.0.202007081208/tools/bin/../lib/gcc/arm-none-eabi/7.3.1/../../../../arm-none-eabi/lib/thumb/v7e-m/fpv4-sp/hard\libc_nano.a(lib_a-mprec.o)
                0x000000000800de0c                __pow5mult
 .text.__lshift
                0x000000000800dea8       0xa8 d:/da/soft/stm32cubeide_1.4.0/stm32cubeide/plugins/com.st.stm32cube.ide.mcu.externaltools.gnu-tools-for-stm32.7-2018-q2-update.win32_1.4.0.202007081208/tools/bin/../lib/gcc/arm-none-eabi/7.3.1/../../../../arm-none-eabi/lib/thumb/v7e-m/fpv4-sp/hard\libc_nano.a(lib_a-mprec.o)
                0x000000000800dea8                __lshift
 .text.__mcmp   0x000000000800df50       0x34 d:/da/soft/stm32cubeide_1.4.0/stm32cubeide/plugins/com.st.stm32cube.ide.mcu.externaltools.gnu-tools-for-stm32.7-2018-q2-update.win32_1.4.0.202007081208/tools/bin/../lib/gcc/arm-none-eabi/7.3.1/../../../../arm-none-eabi/lib/thumb/v7e-m/fpv4-sp/hard\libc_nano.a(lib_a-mprec.o)
                0x000000000800df50                __mcmp
 .text.__mdiff  0x000000000800df84       0xba d:/da/soft/stm32cubeide_1.4.0/stm32cubeide/plugins/com.st.stm32cube.ide.mcu.externaltools.gnu-tools-for-stm32.7-2018-q2-update.win32_1.4.0.202007081208/tools/bin/../lib/gcc/arm-none-eabi/7.3.1/../../../../arm-none-eabi/lib/thumb/v7e-m/fpv4-sp/hard\libc_nano.a(lib_a-mprec.o)
                0x000000000800df84                __mdiff
 *fill*         0x000000000800e03e        0x2 
 .text.__ulp    0x000000000800e040       0x50 d:/da/soft/stm32cubeide_1.4.0/stm32cubeide/plugins/com.st.stm32cube.ide.mcu.externaltools.gnu-tools-for-stm32.7-2018-q2-update.win32_1.4.0.202007081208/tools/bin/../lib/gcc/arm-none-eabi/7.3.1/../../../../arm-none-eabi/lib/thumb/v7e-m/fpv4-sp/hard\libc_nano.a(lib_a-mprec.o)
                0x000000000800e040                __ulp
 .text.__b2d    0x000000000800e090       0x9c d:/da/soft/stm32cubeide_1.4.0/stm32cubeide/plugins/com.st.stm32cube.ide.mcu.externaltools.gnu-tools-for-stm32.7-2018-q2-update.win32_1.4.0.202007081208/tools/bin/../lib/gcc/arm-none-eabi/7.3.1/../../../../arm-none-eabi/lib/thumb/v7e-m/fpv4-sp/hard\libc_nano.a(lib_a-mprec.o)
                0x000000000800e090                __b2d
 .text.__d2b    0x000000000800e12c       0x9e d:/da/soft/stm32cubeide_1.4.0/stm32cubeide/plugins/com.st.stm32cube.ide.mcu.externaltools.gnu-tools-for-stm32.7-2018-q2-update.win32_1.4.0.202007081208/tools/bin/../lib/gcc/arm-none-eabi/7.3.1/../../../../arm-none-eabi/lib/thumb/v7e-m/fpv4-sp/hard\libc_nano.a(lib_a-mprec.o)
                0x000000000800e12c                __d2b
 .text.__ratio  0x000000000800e1ca       0x66 d:/da/soft/stm32cubeide_1.4.0/stm32cubeide/plugins/com.st.stm32cube.ide.mcu.externaltools.gnu-tools-for-stm32.7-2018-q2-update.win32_1.4.0.202007081208/tools/bin/../lib/gcc/arm-none-eabi/7.3.1/../../../../arm-none-eabi/lib/thumb/v7e-m/fpv4-sp/hard\libc_nano.a(lib_a-mprec.o)
                0x000000000800e1ca                __ratio
 .text.__copybits
                0x000000000800e230       0x34 d:/da/soft/stm32cubeide_1.4.0/stm32cubeide/plugins/com.st.stm32cube.ide.mcu.externaltools.gnu-tools-for-stm32.7-2018-q2-update.win32_1.4.0.202007081208/tools/bin/../lib/gcc/arm-none-eabi/7.3.1/../../../../arm-none-eabi/lib/thumb/v7e-m/fpv4-sp/hard\libc_nano.a(lib_a-mprec.o)
                0x000000000800e230                __copybits
 .text.__any_on
                0x000000000800e264       0x42 d:/da/soft/stm32cubeide_1.4.0/stm32cubeide/plugins/com.st.stm32cube.ide.mcu.externaltools.gnu-tools-for-stm32.7-2018-q2-update.win32_1.4.0.202007081208/tools/bin/../lib/gcc/arm-none-eabi/7.3.1/../../../../arm-none-eabi/lib/thumb/v7e-m/fpv4-sp/hard\libc_nano.a(lib_a-mprec.o)
                0x000000000800e264                __any_on
 .text._calloc_r
                0x000000000800e2a6       0x1c d:/da/soft/stm32cubeide_1.4.0/stm32cubeide/plugins/com.st.stm32cube.ide.mcu.externaltools.gnu-tools-for-stm32.7-2018-q2-update.win32_1.4.0.202007081208/tools/bin/../lib/gcc/arm-none-eabi/7.3.1/../../../../arm-none-eabi/lib/thumb/v7e-m/fpv4-sp/hard\libc_nano.a(lib_a-nano-callocr.o)
                0x000000000800e2a6                _calloc_r
 .text.__ssputs_r
                0x000000000800e2c2       0xb4 d:/da/soft/stm32cubeide_1.4.0/stm32cubeide/plugins/com.st.stm32cube.ide.mcu.externaltools.gnu-tools-for-stm32.7-2018-q2-update.win32_1.4.0.202007081208/tools/bin/../lib/gcc/arm-none-eabi/7.3.1/../../../../arm-none-eabi/lib/thumb/v7e-m/fpv4-sp/hard\libc_nano.a(lib_a-nano-svfprintf.o)
                0x000000000800e2c2                __ssputs_r
 *fill*         0x000000000800e376        0x2 
 .text._svfprintf_r
                0x000000000800e378      0x1f0 d:/da/soft/stm32cubeide_1.4.0/stm32cubeide/plugins/com.st.stm32cube.ide.mcu.externaltools.gnu-tools-for-stm32.7-2018-q2-update.win32_1.4.0.202007081208/tools/bin/../lib/gcc/arm-none-eabi/7.3.1/../../../../arm-none-eabi/lib/thumb/v7e-m/fpv4-sp/hard\libc_nano.a(lib_a-nano-svfprintf.o)
                0x000000000800e378                _svfiprintf_r
                0x000000000800e378                _svfprintf_r
 .text.strncmp  0x000000000800e568       0x24 d:/da/soft/stm32cubeide_1.4.0/stm32cubeide/plugins/com.st.stm32cube.ide.mcu.externaltools.gnu-tools-for-stm32.7-2018-q2-update.win32_1.4.0.202007081208/tools/bin/../lib/gcc/arm-none-eabi/7.3.1/../../../../arm-none-eabi/lib/thumb/v7e-m/fpv4-sp/hard\libc_nano.a(lib_a-strncmp.o)
                0x000000000800e568                strncmp
 .text.__ascii_wctomb
                0x000000000800e58c       0x1a d:/da/soft/stm32cubeide_1.4.0/stm32cubeide/plugins/com.st.stm32cube.ide.mcu.externaltools.gnu-tools-for-stm32.7-2018-q2-update.win32_1.4.0.202007081208/tools/bin/../lib/gcc/arm-none-eabi/7.3.1/../../../../arm-none-eabi/lib/thumb/v7e-m/fpv4-sp/hard\libc_nano.a(lib_a-wctomb_r.o)
                0x000000000800e58c                __ascii_wctomb
 .text.memmove  0x000000000800e5a6       0x32 d:/da/soft/stm32cubeide_1.4.0/stm32cubeide/plugins/com.st.stm32cube.ide.mcu.externaltools.gnu-tools-for-stm32.7-2018-q2-update.win32_1.4.0.202007081208/tools/bin/../lib/gcc/arm-none-eabi/7.3.1/../../../../arm-none-eabi/lib/thumb/v7e-m/fpv4-sp/hard\libc_nano.a(lib_a-memmove.o)
                0x000000000800e5a6                memmove
 .text._realloc_r
                0x000000000800e5d8       0x4c d:/da/soft/stm32cubeide_1.4.0/stm32cubeide/plugins/com.st.stm32cube.ide.mcu.externaltools.gnu-tools-for-stm32.7-2018-q2-update.win32_1.4.0.202007081208/tools/bin/../lib/gcc/arm-none-eabi/7.3.1/../../../../arm-none-eabi/lib/thumb/v7e-m/fpv4-sp/hard\libc_nano.a(lib_a-nano-reallocr.o)
                0x000000000800e5d8                _realloc_r
 .text._malloc_usable_size_r
                0x000000000800e624       0x10 d:/da/soft/stm32cubeide_1.4.0/stm32cubeide/plugins/com.st.stm32cube.ide.mcu.externaltools.gnu-tools-for-stm32.7-2018-q2-update.win32_1.4.0.202007081208/tools/bin/../lib/gcc/arm-none-eabi/7.3.1/../../../../arm-none-eabi/lib/thumb/v7e-m/fpv4-sp/hard\libc_nano.a(lib_a-nano-msizer.o)
                0x000000000800e624                _malloc_usable_size_r
 .text.sqrt     0x000000000800e634       0xb4 d:/da/soft/stm32cubeide_1.4.0/stm32cubeide/plugins/com.st.stm32cube.ide.mcu.externaltools.gnu-tools-for-stm32.7-2018-q2-update.win32_1.4.0.202007081208/tools/bin/../lib/gcc/arm-none-eabi/7.3.1/../../../../arm-none-eabi/lib/thumb/v7e-m/fpv4-sp/hard\libm.a(lib_a-w_sqrt.o)
                0x000000000800e634                sqrt
 .text.__ieee754_sqrt
                0x000000000800e6e8      0x160 d:/da/soft/stm32cubeide_1.4.0/stm32cubeide/plugins/com.st.stm32cube.ide.mcu.externaltools.gnu-tools-for-stm32.7-2018-q2-update.win32_1.4.0.202007081208/tools/bin/../lib/gcc/arm-none-eabi/7.3.1/../../../../arm-none-eabi/lib/thumb/v7e-m/fpv4-sp/hard\libm.a(lib_a-e_sqrt.o)
                0x000000000800e6e8                __ieee754_sqrt
 .text.matherr  0x000000000800e848        0x4 d:/da/soft/stm32cubeide_1.4.0/stm32cubeide/plugins/com.st.stm32cube.ide.mcu.externaltools.gnu-tools-for-stm32.7-2018-q2-update.win32_1.4.0.202007081208/tools/bin/../lib/gcc/arm-none-eabi/7.3.1/../../../../arm-none-eabi/lib/thumb/v7e-m/fpv4-sp/hard\libm.a(lib_a-s_matherr.o)
                0x000000000800e848                matherr
 *(.glue_7)
 .glue_7        0x000000000800e84c        0x0 linker stubs
 *(.glue_7t)
 .glue_7t       0x000000000800e84c        0x0 linker stubs
 *(.eh_frame)
 .eh_frame      0x000000000800e84c        0x0 d:/da/soft/stm32cubeide_1.4.0/stm32cubeide/plugins/com.st.stm32cube.ide.mcu.externaltools.gnu-tools-for-stm32.7-2018-q2-update.win32_1.4.0.202007081208/tools/bin/../lib/gcc/arm-none-eabi/7.3.1/thumb/v7e-m/fpv4-sp/hard/crtbegin.o
 *(.init)
 .init          0x000000000800e84c        0x4 d:/da/soft/stm32cubeide_1.4.0/stm32cubeide/plugins/com.st.stm32cube.ide.mcu.externaltools.gnu-tools-for-stm32.7-2018-q2-update.win32_1.4.0.202007081208/tools/bin/../lib/gcc/arm-none-eabi/7.3.1/thumb/v7e-m/fpv4-sp/hard/crti.o
                0x000000000800e84c                _init
 .init          0x000000000800e850        0x8 d:/da/soft/stm32cubeide_1.4.0/stm32cubeide/plugins/com.st.stm32cube.ide.mcu.externaltools.gnu-tools-for-stm32.7-2018-q2-update.win32_1.4.0.202007081208/tools/bin/../lib/gcc/arm-none-eabi/7.3.1/thumb/v7e-m/fpv4-sp/hard/crtn.o
 *(.fini)
 .fini          0x000000000800e858        0x4 d:/da/soft/stm32cubeide_1.4.0/stm32cubeide/plugins/com.st.stm32cube.ide.mcu.externaltools.gnu-tools-for-stm32.7-2018-q2-update.win32_1.4.0.202007081208/tools/bin/../lib/gcc/arm-none-eabi/7.3.1/thumb/v7e-m/fpv4-sp/hard/crti.o
                0x000000000800e858                _fini
 .fini          0x000000000800e85c        0x8 d:/da/soft/stm32cubeide_1.4.0/stm32cubeide/plugins/com.st.stm32cube.ide.mcu.externaltools.gnu-tools-for-stm32.7-2018-q2-update.win32_1.4.0.202007081208/tools/bin/../lib/gcc/arm-none-eabi/7.3.1/thumb/v7e-m/fpv4-sp/hard/crtn.o
                0x000000000800e864                . = ALIGN (0x4)
                0x000000000800e864                _etext = .

.vfp11_veneer   0x000000000800e864        0x0
 .vfp11_veneer  0x000000000800e864        0x0 linker stubs

.v4_bx          0x000000000800e864        0x0
 .v4_bx         0x000000000800e864        0x0 linker stubs

.iplt           0x000000000800e864        0x0
 .iplt          0x000000000800e864        0x0 d:/da/soft/stm32cubeide_1.4.0/stm32cubeide/plugins/com.st.stm32cube.ide.mcu.externaltools.gnu-tools-for-stm32.7-2018-q2-update.win32_1.4.0.202007081208/tools/bin/../lib/gcc/arm-none-eabi/7.3.1/thumb/v7e-m/fpv4-sp/hard/crtbegin.o

.rodata         0x000000000800e868      0x3dc
                0x000000000800e868                . = ALIGN (0x4)
 *(.rodata)
 .rodata        0x000000000800e868       0xc0 Core/Src/main.o
 .rodata        0x000000000800e928       0x46 USB_DEVICE/App/usbd_desc.o
 *(.rodata*)
 *fill*         0x000000000800e96e        0x2 
 .rodata.AHBPrescTable
                0x000000000800e970       0x10 Core/Src/system_stm32f4xx.o
                0x000000000800e970                AHBPrescTable
 .rodata.APBPrescTable
                0x000000000800e980        0x8 Core/Src/system_stm32f4xx.o
                0x000000000800e980                APBPrescTable
 .rodata._printf_float.str1.1
                0x000000000800e988       0x12 d:/da/soft/stm32cubeide_1.4.0/stm32cubeide/plugins/com.st.stm32cube.ide.mcu.externaltools.gnu-tools-for-stm32.7-2018-q2-update.win32_1.4.0.202007081208/tools/bin/../lib/gcc/arm-none-eabi/7.3.1/../../../../arm-none-eabi/lib/thumb/v7e-m/fpv4-sp/hard\libc_nano.a(lib_a-nano-vfprintf_float.o)
 .rodata._printf_i.str1.1