stm32f411e_discovery.c:160:10:BSP_GetVersion	4	static
stm32f411e_discovery.c:175:6:BSP_LED_Init	56	static
stm32f411e_discovery.c:203:6:BSP_LED_On	16	static
stm32f411e_discovery.c:218:6:BSP_LED_Off	16	static
stm32f411e_discovery.c:233:6:BSP_LED_Toggle	16	static
stm32f411e_discovery.c:249:6:BSP_PB_Init	40	static
stm32f411e_discovery.c:286:10:BSP_PB_GetState	16	static
stm32f411e_discovery.c:302:13:I2Cx_Init	8	static
stm32f411e_discovery.c:329:13:I2Cx_WriteData	40	static
stm32f411e_discovery.c:349:16:I2Cx_ReadData	40	static
stm32f411e_discovery.c:370:13:I2Cx_Error	8	static
stm32f411e_discovery.c:384:13:I2Cx_MspInit	48	static
stm32f411e_discovery.c:425:13:SPIx_Init	8	static
stm32f411e_discovery.c:460:16:SPIx_WriteRead	32	static
stm32f411e_discovery.c:479:13:SPIx_Error	8	static
stm32f411e_discovery.c:493:13:SPIx_MspInit	48	static
stm32f411e_discovery.c:522:6:GYRO_IO_Init	40	static
stm32f411e_discovery.c:556:6:GYRO_IO_Write	16	static
stm32f411e_discovery.c:591:6:GYRO_IO_Read	16	static
stm32f411e_discovery.c:628:6:AUDIO_IO_Init	32	static
stm32f411e_discovery.c:662:6:AUDIO_IO_DeInit	4	static
stm32f411e_discovery.c:674:6:AUDIO_IO_Write	16	static
stm32f411e_discovery.c:685:9:AUDIO_IO_Read	16	static
stm32f411e_discovery.c:697:6:COMPASSACCELERO_IO_Init	32	static
stm32f411e_discovery.c:719:6:COMPASSACCELERO_IO_ITConfig	32	static
stm32f411e_discovery.c:745:6:COMPASSACCELERO_IO_Write	16	static
stm32f411e_discovery.c:757:9:COMPASSACCELERO_IO_Read	16	static
